###############################################################################
#
# IAR ELF Linker V9.10.2.313/W64 for ARM                  15/Apr/2022  12:36:46
# Copyright 2007-2021 IAR Systems AB.
#
#    Output file  =
#        F:\工训\车赛\Projecct\IAR\program\nor_sdram_zf_dtcm\Exe\RT106X.out
#    Map file     =
#        F:\工训\车赛\Projecct\IAR\program\nor_sdram_zf_dtcm\List\RT106X.map
#    Command line =
#        -f
#        F:\工训\车赛\Projecct\IAR\program\nor_sdram_zf_dtcm\Exe\RT106X.out.rsp
#        (F:\工训\车赛\Projecct\IAR\program\nor_sdram_zf_dtcm\Obj\_HardWare\BlueTooth\BlueTooth.o
#        F:\工训\车赛\Projecct\IAR\program\nor_sdram_zf_dtcm\Obj\board\board.o
#        F:\工训\车赛\Projecct\IAR\program\nor_sdram_zf_dtcm\Obj\_DataStructure\cJSON\cJSON.o
#        F:\工训\车赛\Projecct\IAR\program\nor_sdram_zf_dtcm\Obj\board\clock_config.o
#        F:\工训\车赛\Projecct\IAR\program\nor_sdram_zf_dtcm\Obj\seekfree_libraries\common.o
#        F:\工训\车赛\Projecct\IAR\program\nor_sdram_zf_dtcm\Obj\_HardWare\ESP8266\ESP8266.o
#        F:\工训\车赛\Projecct\IAR\program\nor_sdram_zf_dtcm\Obj\xip\evkmimxrt1064_flexspi_nor_config.o
#        F:\工训\车赛\Projecct\IAR\program\nor_sdram_zf_dtcm\Obj\xip\evkmimxrt1064_sdram_ini_dcd.o
#        F:\工训\车赛\Projecct\IAR\program\nor_sdram_zf_dtcm\Obj\drives\fsl_adc.o
#        F:\工训\车赛\Projecct\IAR\program\nor_sdram_zf_dtcm\Obj\drives\fsl_adc_etc.o
#        F:\工训\车赛\Projecct\IAR\program\nor_sdram_zf_dtcm\Obj\drives\fsl_aipstz.o
#        F:\工训\车赛\Projecct\IAR\program\nor_sdram_zf_dtcm\Obj\drives\fsl_aoi.o
#        F:\工训\车赛\Projecct\IAR\program\nor_sdram_zf_dtcm\Obj\utilities\fsl_assert.o
#        F:\工训\车赛\Projecct\IAR\program\nor_sdram_zf_dtcm\Obj\drives\fsl_bee.o
#        F:\工训\车赛\Projecct\IAR\program\nor_sdram_zf_dtcm\Obj\drives\fsl_cache.o
#        F:\工训\车赛\Projecct\IAR\program\nor_sdram_zf_dtcm\Obj\drives\fsl_clock.o
#        F:\工训\车赛\Projecct\IAR\program\nor_sdram_zf_dtcm\Obj\drives\fsl_cmp.o
#        F:\工训\车赛\Projecct\IAR\program\nor_sdram_zf_dtcm\Obj\drives\fsl_common.o
#        F:\工训\车赛\Projecct\IAR\program\nor_sdram_zf_dtcm\Obj\drives\fsl_csi.o
#        F:\工训\车赛\Projecct\IAR\program\nor_sdram_zf_dtcm\Obj\drives\fsl_dcdc.o
#        F:\工训\车赛\Projecct\IAR\program\nor_sdram_zf_dtcm\Obj\drives\fsl_dcp.o
#        F:\工训\车赛\Projecct\IAR\program\nor_sdram_zf_dtcm\Obj\utilities\fsl_debug_console.o
#        F:\工训\车赛\Projecct\IAR\program\nor_sdram_zf_dtcm\Obj\drives\fsl_dmamux.o
#        F:\工训\车赛\Projecct\IAR\program\nor_sdram_zf_dtcm\Obj\drives\fsl_edma.o
#        F:\工训\车赛\Projecct\IAR\program\nor_sdram_zf_dtcm\Obj\drives\fsl_elcdif.o
#        F:\工训\车赛\Projecct\IAR\program\nor_sdram_zf_dtcm\Obj\drives\fsl_enc.o
#        F:\工训\车赛\Projecct\IAR\program\nor_sdram_zf_dtcm\Obj\drives\fsl_enet.o
#        F:\工训\车赛\Projecct\IAR\program\nor_sdram_zf_dtcm\Obj\drives\fsl_ewm.o
#        F:\工训\车赛\Projecct\IAR\program\nor_sdram_zf_dtcm\Obj\drives\fsl_flexcan.o
#        F:\工训\车赛\Projecct\IAR\program\nor_sdram_zf_dtcm\Obj\drives\fsl_flexio.o
#        F:\工训\车赛\Projecct\IAR\program\nor_sdram_zf_dtcm\Obj\drives\fsl_flexio_camera.o
#        F:\工训\车赛\Projecct\IAR\program\nor_sdram_zf_dtcm\Obj\drives\fsl_flexio_i2c_master.o
#        F:\工训\车赛\Projecct\IAR\program\nor_sdram_zf_dtcm\Obj\drives\fsl_flexio_i2s.o
#        F:\工训\车赛\Projecct\IAR\program\nor_sdram_zf_dtcm\Obj\drives\fsl_flexio_i2s_edma.o
#        F:\工训\车赛\Projecct\IAR\program\nor_sdram_zf_dtcm\Obj\drives\fsl_flexio_spi.o
#        F:\工训\车赛\Projecct\IAR\program\nor_sdram_zf_dtcm\Obj\drives\fsl_flexio_spi_edma.o
#        F:\工训\车赛\Projecct\IAR\program\nor_sdram_zf_dtcm\Obj\drives\fsl_flexio_uart.o
#        F:\工训\车赛\Projecct\IAR\program\nor_sdram_zf_dtcm\Obj\drives\fsl_flexio_uart_edma.o
#        F:\工训\车赛\Projecct\IAR\program\nor_sdram_zf_dtcm\Obj\drives\fsl_flexram.o
#        F:\工训\车赛\Projecct\IAR\program\nor_sdram_zf_dtcm\Obj\drives\fsl_flexspi.o
#        F:\工训\车赛\Projecct\IAR\program\nor_sdram_zf_dtcm\Obj\xip\fsl_flexspi_nor_boot.o
#        F:\工训\车赛\Projecct\IAR\program\nor_sdram_zf_dtcm\Obj\drives\fsl_gpc.o
#        F:\工训\车赛\Projecct\IAR\program\nor_sdram_zf_dtcm\Obj\drives\fsl_gpio.o
#        F:\工训\车赛\Projecct\IAR\program\nor_sdram_zf_dtcm\Obj\drives\fsl_gpt.o
#        F:\工训\车赛\Projecct\IAR\program\nor_sdram_zf_dtcm\Obj\drives\fsl_kpp.o
#        F:\工训\车赛\Projecct\IAR\program\nor_sdram_zf_dtcm\Obj\drives\fsl_lpi2c.o
#        F:\工训\车赛\Projecct\IAR\program\nor_sdram_zf_dtcm\Obj\drives\fsl_lpi2c_edma.o
#        F:\工训\车赛\Projecct\IAR\program\nor_sdram_zf_dtcm\Obj\drives\fsl_lpspi.o
#        F:\工训\车赛\Projecct\IAR\program\nor_sdram_zf_dtcm\Obj\drives\fsl_lpspi_edma.o
#        F:\工训\车赛\Projecct\IAR\program\nor_sdram_zf_dtcm\Obj\drives\fsl_lpuart.o
#        F:\工训\车赛\Projecct\IAR\program\nor_sdram_zf_dtcm\Obj\drives\fsl_lpuart_edma.o
#        F:\工训\车赛\Projecct\IAR\program\nor_sdram_zf_dtcm\Obj\utilities\fsl_notifier.o
#        F:\工训\车赛\Projecct\IAR\program\nor_sdram_zf_dtcm\Obj\drives\fsl_pit.o
#        F:\工训\车赛\Projecct\IAR\program\nor_sdram_zf_dtcm\Obj\drives\fsl_pmu.o
#        F:\工训\车赛\Projecct\IAR\program\nor_sdram_zf_dtcm\Obj\drives\fsl_pwm.o
#        F:\工训\车赛\Projecct\IAR\program\nor_sdram_zf_dtcm\Obj\drives\fsl_pxp.o
#        F:\工训\车赛\Projecct\IAR\program\nor_sdram_zf_dtcm\Obj\drives\fsl_qtmr.o
#        F:\工训\车赛\Projecct\IAR\program\nor_sdram_zf_dtcm\Obj\drives\fsl_rtwdog.o
#        F:\工训\车赛\Projecct\IAR\program\nor_sdram_zf_dtcm\Obj\drives\fsl_sai.o
#        F:\工训\车赛\Projecct\IAR\program\nor_sdram_zf_dtcm\Obj\drives\fsl_sai_edma.o
#        F:\工训\车赛\Projecct\IAR\program\nor_sdram_zf_dtcm\Obj\utilities\fsl_sbrk.o
#        F:\工训\车赛\Projecct\IAR\program\nor_sdram_zf_dtcm\Obj\drives\fsl_semc.o
#        F:\工训\车赛\Projecct\IAR\program\nor_sdram_zf_dtcm\Obj\utilities\fsl_shell.o
#        F:\工训\车赛\Projecct\IAR\program\nor_sdram_zf_dtcm\Obj\drives\fsl_snvs_hp.o
#        F:\工训\车赛\Projecct\IAR\program\nor_sdram_zf_dtcm\Obj\drives\fsl_snvs_lp.o
#        F:\工训\车赛\Projecct\IAR\program\nor_sdram_zf_dtcm\Obj\drives\fsl_spdif.o
#        F:\工训\车赛\Projecct\IAR\program\nor_sdram_zf_dtcm\Obj\drives\fsl_spdif_edma.o
#        F:\工训\车赛\Projecct\IAR\program\nor_sdram_zf_dtcm\Obj\drives\fsl_src.o
#        F:\工训\车赛\Projecct\IAR\program\nor_sdram_zf_dtcm\Obj\utilities\fsl_str.o
#        F:\工训\车赛\Projecct\IAR\program\nor_sdram_zf_dtcm\Obj\drives\fsl_tempmon.o
#        F:\工训\车赛\Projecct\IAR\program\nor_sdram_zf_dtcm\Obj\drives\fsl_trng.o
#        F:\工训\车赛\Projecct\IAR\program\nor_sdram_zf_dtcm\Obj\drives\fsl_tsc.o
#        F:\工训\车赛\Projecct\IAR\program\nor_sdram_zf_dtcm\Obj\drives\fsl_usdhc.o
#        F:\工训\车赛\Projecct\IAR\program\nor_sdram_zf_dtcm\Obj\drives\fsl_wdog.o
#        F:\工训\车赛\Projecct\IAR\program\nor_sdram_zf_dtcm\Obj\drives\fsl_xbara.o
#        F:\工训\车赛\Projecct\IAR\program\nor_sdram_zf_dtcm\Obj\drives\fsl_xbarb.o
#        F:\工训\车赛\Projecct\IAR\program\nor_sdram_zf_dtcm\Obj\components\generic_list.o
#        F:\工训\车赛\Projecct\IAR\program\nor_sdram_zf_dtcm\Obj\_HardWare\HardWare.o
#        F:\工训\车赛\Projecct\IAR\program\nor_sdram_zf_dtcm\Obj\_HardWare\HWT101\HWT101.o
#        F:\工训\车赛\Projecct\IAR\program\nor_sdram_zf_dtcm\Obj\user_c\isr.o
#        F:\工训\车赛\Projecct\IAR\program\nor_sdram_zf_dtcm\Obj\_Algorithm\KalmanFilter\KalmanFilter.o
#        F:\工训\车赛\Projecct\IAR\program\nor_sdram_zf_dtcm\Obj\_DataStructure\KB_Ex\KB_Ex.o
#        F:\工训\车赛\Projecct\IAR\program\nor_sdram_zf_dtcm\Obj\_HardWare\Key\Key.o
#        F:\工训\车赛\Projecct\IAR\program\nor_sdram_zf_dtcm\Obj\components\lpuart_adapter.o
#        F:\工训\车赛\Projecct\IAR\program\nor_sdram_zf_dtcm\Obj\user_c\main.o
#        F:\工训\车赛\Projecct\IAR\program\nor_sdram_zf_dtcm\Obj\_HardWare\Motor\Motor.o
#        F:\工训\车赛\Projecct\IAR\program\nor_sdram_zf_dtcm\Obj\_HardWare\OpenArt\OpenArt.o
#        F:\工训\车赛\Projecct\IAR\program\nor_sdram_zf_dtcm\Obj\_Application\PathIntegral\PathIntegral.o
#        F:\工训\车赛\Projecct\IAR\program\nor_sdram_zf_dtcm\Obj\_Algorithm\PID\PID.o
#        F:\工训\车赛\Projecct\IAR\program\nor_sdram_zf_dtcm\Obj\board\pin_mux.o
#        F:\工训\车赛\Projecct\IAR\program\nor_sdram_zf_dtcm\Obj\seekfree_peripheral\SEEKFREE_18TFT.o
#        F:\工训\车赛\Projecct\IAR\program\nor_sdram_zf_dtcm\Obj\seekfree_peripheral\SEEKFREE_FONT.o
#        F:\工训\车赛\Projecct\IAR\program\nor_sdram_zf_dtcm\Obj\seekfree_peripheral\SEEKFREE_FUN.o
#        F:\工训\车赛\Projecct\IAR\program\nor_sdram_zf_dtcm\Obj\seekfree_peripheral\SEEKFREE_ICM20602.o
#        F:\工训\车赛\Projecct\IAR\program\nor_sdram_zf_dtcm\Obj\seekfree_peripheral\SEEKFREE_IIC.o
#        F:\工训\车赛\Projecct\IAR\program\nor_sdram_zf_dtcm\Obj\seekfree_peripheral\SEEKFREE_IPS114_SPI.o
#        F:\工训\车赛\Projecct\IAR\program\nor_sdram_zf_dtcm\Obj\seekfree_peripheral\SEEKFREE_IPS200_PARALLEL8.o
#        F:\工训\车赛\Projecct\IAR\program\nor_sdram_zf_dtcm\Obj\seekfree_peripheral\SEEKFREE_L3G4200D.o
#        F:\工训\车赛\Projecct\IAR\program\nor_sdram_zf_dtcm\Obj\seekfree_peripheral\SEEKFREE_MMA8451.o
#        F:\工训\车赛\Projecct\IAR\program\nor_sdram_zf_dtcm\Obj\seekfree_peripheral\SEEKFREE_MPU6050.o
#        F:\工训\车赛\Projecct\IAR\program\nor_sdram_zf_dtcm\Obj\seekfree_peripheral\SEEKFREE_MT9V03X.o
#        F:\工训\车赛\Projecct\IAR\program\nor_sdram_zf_dtcm\Obj\seekfree_peripheral\SEEKFREE_MT9V03X_CSI.o
#        F:\工训\车赛\Projecct\IAR\program\nor_sdram_zf_dtcm\Obj\seekfree_peripheral\SEEKFREE_NRF24L01.o
#        F:\工训\车赛\Projecct\IAR\program\nor_sdram_zf_dtcm\Obj\seekfree_peripheral\SEEKFREE_OLED.o
#        F:\工训\车赛\Projecct\IAR\program\nor_sdram_zf_dtcm\Obj\seekfree_libraries\SEEKFREE_PRINTF.o
#        F:\工训\车赛\Projecct\IAR\program\nor_sdram_zf_dtcm\Obj\seekfree_peripheral\SEEKFREE_SCC8660.o
#        F:\工训\车赛\Projecct\IAR\program\nor_sdram_zf_dtcm\Obj\seekfree_peripheral\SEEKFREE_SCC8660_CSI.o
#        F:\工训\车赛\Projecct\IAR\program\nor_sdram_zf_dtcm\Obj\seekfree_peripheral\SEEKFREE_VIRSCO.o
#        F:\工训\车赛\Projecct\IAR\program\nor_sdram_zf_dtcm\Obj\seekfree_peripheral\SEEKFREE_W25QXXJV.o
#        F:\工训\车赛\Projecct\IAR\program\nor_sdram_zf_dtcm\Obj\seekfree_peripheral\SEEKFREE_WIRELESS.o
#        F:\工训\车赛\Projecct\IAR\program\nor_sdram_zf_dtcm\Obj\components\serial_manager.o
#        F:\工训\车赛\Projecct\IAR\program\nor_sdram_zf_dtcm\Obj\components\serial_port_uart.o
#        F:\工训\车赛\Projecct\IAR\program\nor_sdram_zf_dtcm\Obj\_Application\SliceManager\SliceManager.o
#        F:\工训\车赛\Projecct\IAR\program\nor_sdram_zf_dtcm\Obj\_Application\SliceUpdater\SliceUpdater.o
#        F:\工训\车赛\Projecct\IAR\program\nor_sdram_zf_dtcm\Obj\startup\startup_MIMXRT1064.o
#        F:\工训\车赛\Projecct\IAR\program\nor_sdram_zf_dtcm\Obj\_HardWare\SYN6288\SYN6288.o
#        F:\工训\车赛\Projecct\IAR\program\nor_sdram_zf_dtcm\Obj\deceive\system_MIMXRT1064.o
#        F:\工训\车赛\Projecct\IAR\program\nor_sdram_zf_dtcm\Obj\_HardWare\Tracer\Tracer.o
#        F:\工训\车赛\Projecct\IAR\program\nor_sdram_zf_dtcm\Obj\_Math\Vector2\Vector2.o
#        F:\工训\车赛\Projecct\IAR\program\nor_sdram_zf_dtcm\Obj\seekfree_libraries\zf_adc.o
#        F:\工训\车赛\Projecct\IAR\program\nor_sdram_zf_dtcm\Obj\seekfree_libraries\zf_camera.o
#        F:\工训\车赛\Projecct\IAR\program\nor_sdram_zf_dtcm\Obj\seekfree_libraries\zf_csi.o
#        F:\工训\车赛\Projecct\IAR\program\nor_sdram_zf_dtcm\Obj\seekfree_libraries\zf_flash.o
#        F:\工训\车赛\Projecct\IAR\program\nor_sdram_zf_dtcm\Obj\seekfree_libraries\zf_gpio.o
#        F:\工训\车赛\Projecct\IAR\program\nor_sdram_zf_dtcm\Obj\seekfree_libraries\zf_iic.o
#        F:\工训\车赛\Projecct\IAR\program\nor_sdram_zf_dtcm\Obj\seekfree_libraries\zf_iomuxc.o
#        F:\工训\车赛\Projecct\IAR\program\nor_sdram_zf_dtcm\Obj\seekfree_libraries\zf_pit.o
#        F:\工训\车赛\Projecct\IAR\program\nor_sdram_zf_dtcm\Obj\seekfree_libraries\zf_pwm.o
#        F:\工训\车赛\Projecct\IAR\program\nor_sdram_zf_dtcm\Obj\seekfree_libraries\zf_qtimer.o
#        F:\工训\车赛\Projecct\IAR\program\nor_sdram_zf_dtcm\Obj\seekfree_libraries\zf_rom_api.o
#        F:\工训\车赛\Projecct\IAR\program\nor_sdram_zf_dtcm\Obj\seekfree_libraries\zf_spi.o
#        F:\工训\车赛\Projecct\IAR\program\nor_sdram_zf_dtcm\Obj\seekfree_libraries\zf_systick.o
#        F:\工训\车赛\Projecct\IAR\program\nor_sdram_zf_dtcm\Obj\seekfree_libraries\zf_uart.o
#        F:\工训\车赛\Projecct\IAR\program\nor_sdram_zf_dtcm\Obj\seekfree_libraries\zf_vector.o
#        --no_out_extension -o
#        F:\工训\车赛\Projecct\IAR\program\nor_sdram_zf_dtcm\Exe\RT106X.out
#        --map
#        F:\工训\车赛\Projecct\IAR\program\nor_sdram_zf_dtcm\List\RT106X.map
#        --config
#        F:\工训\车赛\Projecct\IAR\program\..\..\IAR\icf\MIMXRT1064xxxxx_flexspi_nor.icf
#        --semihosting --entry __iar_program_start --vfe --text_out locale)
#
###############################################################################

*******************************************************************************
*** RUNTIME MODEL ATTRIBUTES
***

CppFlavor       = *
__Heap_Handler  = DLMalloc
__SystemLibrary = DLib
__dlib_version  = 6


*******************************************************************************
*** HEAP SELECTION
***

The advanced heap was selected because the application calls memory
allocation functions outside of system library functions, and there
are calls to deallocation functions in the application.


*******************************************************************************
*** PLACEMENT SUMMARY
***

"A0":  place at address 0x7000'2000 { ro section .intvec };
"A2":  place at address 0x7000'0000 { section .boot_hdr.conf };
"A3":  place at address 0x7000'1000 { section .boot_hdr.ivt };
"A4":  place at address 0x7000'1020 { ro section .boot_hdr.boot_data };
"A5":  place at address 0x7000'1030 { ro section .boot_hdr.dcd_data };
"P1":  place in [from 0x7000'2000 to 0x7000'23ff] |
                [from 0x7000'2400 to 0x703f'ffff] { ro };
define block RW { first rw, section m_usb_dma_init_data };
"P2":  place in [from 0x8000'0000 to 0x8000'03ff] |
                [from 0x8000'0400 to 0x81df'ffff] { block RW };
define block SDRAM_VAR
   with alignment = 8 { section SDRAM_CACHE, section SDRAM_CACHE.init };
"P11": place in [from 0x8000'0000 to 0x8000'03ff] |
                [from 0x8000'0400 to 0x81df'ffff] { block SDRAM_VAR };
define block ZI
   with alignment = 32 { first zi, section m_usb_dma_noninit_data };
"P3":  place in [from 0x2000'0000 to 0x2006'efff] { block ZI };
"P4":  place in [from 0x2000'0000 to 0x2006'efff] { section .data };
"P5":  place in [from 0x2000'0000 to 0x2006'efff] { section .textrw };
define block DTCM_VAR
   with alignment = 8 { section NonCacheable, section NonCacheable.init };
"P9":  place in [from 0x2000'0000 to 0x2006'efff] { block DTCM_VAR };
define block HEAP with size = 1K, alignment = 8 { };
"P6":  place in [from 0x2000'0000 to 0x2006'efff] { last block HEAP };
define block CSTACK with size = 4K, alignment = 8 { };
"P7":  place in [from 0x2006'f000 to 0x2006'ffff] { block CSTACK };
initialize by copy { rw, section .textrw };
initialize by copy { ro }
   except {
      ro section .intvec, ro object system_MIMXRT1064.o,
      ro object startup_MIMXRT1064.o, section .boot_hdr.conf,
      section .boot_hdr.ivt, section .boot_hdr.boot_data,
      section .boot_hdr.dcd_data };
keep {
   section .boot_hdr.conf, section .boot_hdr.ivt, section .boot_hdr.boot_data,
   section .boot_hdr.dcd_data };

No sections matched the following patterns:

  section .intvec_RAM              in "A1"
  section .textrw                  in "P3-P5|P9"
  section ITCM_NonCacheable        in block ITCM_VAR
  section ITCM_NonCacheable.init   in block ITCM_VAR
  section NonCacheable             in block DTCM_VAR
  section NonCacheable.init        in block DTCM_VAR
  section OCRAM_CACHE              in block OCRAM_VAR
  section OCRAM_CACHE.init         in block OCRAM_VAR
  section SDRAM_CACHE              in block SDRAM_VAR
  section SDRAM_CACHE.init         in block SDRAM_VAR
  section SDRAM_NonCacheable       in block SDRAM_NCACHE_VAR
  section SDRAM_NonCacheable.init  in block SDRAM_NCACHE_VAR
  section m_usb_dma_init_data      in block RW
  section m_usb_dma_noninit_data   in block ZI


  Section              Kind         Address      Size  Object
  -------              ----         -------      ----  ------
"P3-P5|P9", part 1 of 2:                         0x8e
  P3-P5|P9 s0                   0x2000'0000      0x8e  <Init block>
    .data              inited   0x2000'0000      0x28  zf_gpio.o [22]
    .data              inited   0x2000'0028      0x24  zf_uart.o [22]
    .data              inited   0x2000'004c      0x14  zf_pwm.o [22]
    .data              inited   0x2000'0060      0x14  zf_qtimer.o [22]
    .data              inited   0x2000'0074       0xc  cJSON.o [7]
    .data              inited   0x2000'0080       0x4  isr.o [25]
    .data              inited   0x2000'0084       0x4  main.o [25]
    .data              inited   0x2000'0088       0x4  system_MIMXRT1064.o [20]
    .data              inited   0x2000'008c       0x1  main.o [25]
    .data              inited   0x2000'008d       0x1  main.o [25]
                              - 0x2000'008e      0x8e

"P3-P5|P9", part 2 of 2:                       0x1288
  ZI                            0x2000'00a0    0x1288  <Block>
    .bss               zero     0x2000'00a0       0x8  PathIntegral.o [3]
    .bss               zero     0x2000'00a8      0x30  BlueTooth.o [9]
    .bss               zero     0x2000'00d8      0x20  BlueTooth.o [9]
    .bss               zero     0x2000'00f8       0x8  cJSON.o [7]
    .bss               zero     0x2000'0100      0xc8  ESP8266.o [10]
    .bss               zero     0x2000'01c8       0x4  fsl_clock.o [21]
    .bss               zero     0x2000'01cc       0x4  fsl_clock.o [21]
    .bss               zero     0x2000'01d0       0x4  fsl_csi.o [21]
    .bss               zero     0x2000'01d4       0x4  fsl_csi.o [21]
    .bss               zero     0x2000'01d8      0x1c  fsl_debug_console.o [26]
    .bss               zero     0x2000'01f4       0x4  fsl_debug_console.o [26]
    .bss               zero     0x2000'01f8      0x80  fsl_edma.o [21]
    .bss               zero     0x2000'0278       0x8  fsl_enet.o [21]
    .bss               zero     0x2000'0280       0x4  fsl_enet.o [21]
    .bss               zero     0x2000'0284       0x4  fsl_enet.o [21]
    .bss               zero     0x2000'0288       0x4  fsl_enet.o [21]
    .bss               zero     0x2000'028c       0x4  fsl_enet.o [21]
    .bss               zero     0x2000'0290      0x10  fsl_flexcan.o [21]
    .bss               zero     0x2000'02a0       0x4  fsl_flexcan.o [21]
    .bss               zero     0x2000'02a4       0x8  fsl_flexio.o [21]
    .bss               zero     0x2000'02ac       0x8  fsl_flexio.o [21]
    .bss               zero     0x2000'02b4       0x8  fsl_flexio.o [21]
    .bss               zero     0x2000'02bc       0x4  fsl_lpi2c.o [21]
    .bss               zero     0x2000'02c0      0x14  fsl_lpi2c.o [21]
    .bss               zero     0x2000'02d4       0x4  fsl_lpi2c.o [21]
    .bss               zero     0x2000'02d8      0x14  fsl_lpi2c.o [21]
    .bss               zero     0x2000'02ec      0x14  fsl_lpspi.o [21]
    .bss               zero     0x2000'0300       0x4  fsl_lpspi.o [21]
    .bss               zero     0x2000'0304       0x4  fsl_lpspi.o [21]
    .bss               zero     0x2000'0308      0x24  fsl_lpuart.o [21]
    .bss               zero     0x2000'032c       0x4  fsl_lpuart.o [21]
    .bss               zero     0x2000'0330      0x20  fsl_sai.o [21]
    .bss               zero     0x2000'0350       0x4  fsl_sai.o [21]
    .bss               zero     0x2000'0354       0x4  fsl_sai.o [21]
    .bss               zero     0x2000'0358       0x8  fsl_spdif.o [21]
    .bss               zero     0x2000'0360       0x4  fsl_spdif.o [21]
    .bss               zero     0x2000'0364       0x4  fsl_spdif.o [21]
    .bss               zero     0x2000'0368       0xc  fsl_usdhc.o [21]
    .bss               zero     0x2000'0374       0x4  fsl_usdhc.o [21]
    .bss               zero     0x2000'0378       0x4  HardWare.o [8]
    .bss               zero     0x2000'037c      0x30  HWT101.o [11]
    .bss               zero     0x2000'03ac      0x34  HWT101.o [11]
    .bss               zero     0x2000'03e0       0x4  HWT101.o [11]
    .bss               zero     0x2000'03e4     0x1e0  isr.o [25]
    .bss               zero     0x2000'05c4       0x4  isr.o [25]
    .bss               zero     0x2000'05c8       0x4  main.o [25]
    .bss               zero     0x2000'05cc     0x30c  main.o [25]
    .bss               zero     0x2000'08d8     0x30c  main.o [25]
    .bss               zero     0x2000'0be4     0x30c  main.o [25]
    .bss               zero     0x2000'0ef0      0x3c  main.o [25]
    .bss               zero     0x2000'0f2c      0x28  Motor.o [13]
    .bss               zero     0x2000'0f54      0x28  Motor.o [13]
    .bss               zero     0x2000'0f7c      0x28  Motor.o [13]
    .bss               zero     0x2000'0fa4      0x28  Motor.o [13]
    .bss               zero     0x2000'0fcc       0x4  Motor.o [13]
    .bss               zero     0x2000'0fd0       0x4  Motor.o [13]
    .bss               zero     0x2000'0fd4       0x4  Motor.o [13]
    .bss               zero     0x2000'0fd8       0x4  Motor.o [13]
    .bss               zero     0x2000'0fdc       0x4  Motor.o [13]
    .bss               zero     0x2000'0fe0       0x4  Motor.o [13]
    .bss               zero     0x2000'0fe4       0x4  Motor.o [13]
    .bss               zero     0x2000'0fe8       0x4  Motor.o [13]
    .bss               zero     0x2000'0fec       0x4  Motor.o [13]
    .bss               zero     0x2000'0ff0       0x4  Motor.o [13]
    .bss               zero     0x2000'0ff4       0x4  Motor.o [13]
    .bss               zero     0x2000'0ff8       0x4  Motor.o [13]
    .bss               zero     0x2000'0ffc       0x4  Motor.o [13]
    .bss               zero     0x2000'1000       0x4  Motor.o [13]
    .bss               zero     0x2000'1004       0x4  Motor.o [13]
    .bss               zero     0x2000'1008       0x4  Motor.o [13]
    .bss               zero     0x2000'100c      0x28  Motor.o [13]
    .bss               zero     0x2000'1034       0x4  Motor.o [13]
    .bss               zero     0x2000'1038       0x4  Motor.o [13]
    .bss               zero     0x2000'103c       0x4  Motor.o [13]
    .bss               zero     0x2000'1040       0x4  Motor.o [13]
    .bss               zero     0x2000'1044       0x4  Motor.o [13]
    .bss               zero     0x2000'1048       0x4  Motor.o [13]
    .bss               zero     0x2000'104c       0x4  Motor.o [13]
    .bss               zero     0x2000'1050       0x4  Motor.o [13]
    .bss               zero     0x2000'1054       0x4  PathIntegral.o [3]
    .bss               zero     0x2000'1058       0x4  PathIntegral.o [3]
    .bss               zero     0x2000'105c       0x4  PathIntegral.o [3]
    .bss               zero     0x2000'1060       0x4  PathIntegral.o [3]
    .bss               zero     0x2000'1064       0x4  PathIntegral.o [3]
    .bss               zero     0x2000'1068       0x4  PathIntegral.o [3]
    .bss               zero     0x2000'106c       0x4  PathIntegral.o [3]
    .bss               zero     0x2000'1070       0x4  PathIntegral.o [3]
    .bss               zero     0x2000'1074      0x28  PathIntegral.o [3]
    .bss               zero     0x2000'109c       0x8  PathIntegral.o [3]
    .bss               zero     0x2000'10a4       0x4  PathIntegral.o [3]
    .bss               zero     0x2000'10a8       0x4  PathIntegral.o [3]
    .bss               zero     0x2000'10ac       0x4  PathIntegral.o [3]
    .bss               zero     0x2000'10b0       0x4  PathIntegral.o [3]
    .bss               zero     0x2000'10b4       0x4  PathIntegral.o [3]
    .bss               zero     0x2000'10b8       0x4  PathIntegral.o [3]
    .bss               zero     0x2000'10bc       0x4  PathIntegral.o [3]
    .bss               zero     0x2000'10c0       0x4  PathIntegral.o [3]
    .bss               zero     0x2000'10c4       0x4  PathIntegral.o [3]
    .bss               zero     0x2000'10c8       0x4  PathIntegral.o [3]
    .bss               zero     0x2000'10cc      0x28  PathIntegral.o [3]
    .bss               zero     0x2000'10f4      0x28  PathIntegral.o [3]
    .bss               zero     0x2000'111c      0x18  dlmalloc.o [28]
    .bss               zero     0x2000'1134     0x1d8  dlmalloc.o [28]
    .bss               zero     0x2000'130c       0x4  xgetmemchunk.o [28]
    .bss               zero     0x2000'1310       0x4  xfail_s.o [28]
    .bss               zero     0x2000'1314       0x2  isr.o [25]
    .bss               zero     0x2000'1316       0x1  BlueTooth.o [9]
    .bss               zero     0x2000'1317       0x1  BlueTooth.o [9]
    .bss               zero     0x2000'1318       0x1  BlueTooth.o [9]
    .bss               zero     0x2000'1319       0x1  BlueTooth.o [9]
    .bss               zero     0x2000'131a       0x1  ESP8266.o [10]
    .bss               zero     0x2000'131b       0x1  HWT101.o [11]
    .bss               zero     0x2000'131c       0x1  HWT101.o [11]
    .bss               zero     0x2000'131d       0x1  main.o [25]
    .bss               zero     0x2000'131e       0x1  Motor.o [13]
    .bss               zero     0x2000'131f       0x1  PathIntegral.o [3]
    .bss               zero     0x2000'1320       0x1  PathIntegral.o [3]
    .bss               zero     0x2000'1321       0x1  PathIntegral.o [3]
    .bss               zero     0x2000'1322       0x1  PathIntegral.o [3]
    .bss               zero     0x2000'1323       0x1  PathIntegral.o [3]
    .bss               zero     0x2000'1324       0x1  PathIntegral.o [3]
                              - 0x2000'1328    0x1288

"P6":                                           0x400
  HEAP                          0x2000'1328     0x400  <Block>
    HEAP               uninit   0x2000'1328     0x400  <Block tail>
                              - 0x2000'1728     0x400

"P7":                                          0x1000
  CSTACK                        0x2006'f000    0x1000  <Block>
    CSTACK             uninit   0x2006'f000    0x1000  <Block tail>
                              - 0x2007'0000    0x1000

"A2":                                           0x200
  .boot_hdr.conf       const    0x7000'0000     0x200  evkmimxrt1064_flexspi_nor_config.o [27]
                              - 0x7000'0200     0x200

"A3":                                            0x20
  .boot_hdr.ivt        const    0x7000'1000      0x20  fsl_flexspi_nor_boot.o [27]
                              - 0x7000'1020      0x20

"A4":                                            0x10
  .boot_hdr.boot_data  const    0x7000'1020      0x10  fsl_flexspi_nor_boot.o [27]
                              - 0x7000'1030      0x10

"A5":                                           0x430
  .boot_hdr.dcd_data   const    0x7000'1030     0x430  evkmimxrt1064_sdram_ini_dcd.o [27]
                              - 0x7000'1460     0x430

"A0":                                           0x440
  .intvec              const    0x7000'2000     0x400  zf_vector.o [22]
  .intvec              ro code  0x7000'2400      0x40  vector_table_M.o [30]
                              - 0x7000'2440     0x440

"P1":                                          0xe0ea
  .text                ro code  0x7000'2440     0x1f0  lz77_init.o [30]
  .text                ro code  0x7000'2630       0x6  abort.o [28]
  .text                ro code  0x7000'2638      0x14  exit.o [31]
  .text                ro code  0x7000'264c     0x194  system_MIMXRT1064.o [20]
  .text                ro code  0x7000'27e0       0x2  system_MIMXRT1064.o [20]
  .text                ro code  0x7000'27e4      0x6c  startup_MIMXRT1064.o [24]
  .text                ro code  0x7000'2850      0x38  zero_init3.o [30]
  .text                ro code  0x7000'2888      0x28  data_init.o [30]
  .text                ro code  0x7000'28b0      0x22  fpinit_M.o [29]
  .iar.init_table      const    0x7000'28d4      0x48  - Linker created -
  Veneer               ro code  0x7000'291c       0x8  - Linker created -
  Veneer               ro code  0x7000'2924       0x8  - Linker created -
  .text                ro code  0x7000'292c      0x1e  cmain.o [30]
  .text                ro code  0x7000'294a       0x4  low_level_init.o [28]
  .text                ro code  0x7000'2950      0x1c  cstartup_M.o [30]
  .rodata              const    0x7000'296c       0x0  zero_init3.o [30]
  .rodata              const    0x7000'296c       0x0  lz77_init.o [30]
  Initializer bytes    const    0x7000'296c    0xdb48  <for rw-1>
  Initializer bytes    const    0x7001'04b4      0x76  <for P3-P5|P9 s0>
                              - 0x7001'052a    0xe0ea

"P2|P11":                                    0x1'66c4
  RW                            0x8000'0400  0x1'66c4  <Block>
    rw-1                        0x8000'0400  0x1'66c4  <Init block>
      .rodata          inited   0x8000'0400      0x48  strto64.o [29]
      .rodata          inited   0x8000'0448     0x420  pow64.o [29]
      .text            inited   0x8000'0868     0x118  xatan.o [29]
      .rodata          inited   0x8000'0980       0x8  cJSON.o [7]
      .rodata          inited   0x8000'0988       0x8  cJSON.o [7]
      .rodata          inited   0x8000'0990       0x8  cJSON.o [7]
      .rodata          inited   0x8000'0998      0x18  clock_config.o [18]
      .rodata          inited   0x8000'09b0      0x3c  clock_config.o [18]
      .rodata          inited   0x8000'09ec       0xc  clock_config.o [18]
      .rodata          inited   0x8000'09f8       0x8  clock_config.o [18]
      .rodata          inited   0x8000'0a00      0x2c  fsl_assert.o [26]
      .rodata          inited   0x8000'0a2c      0x10  fsl_clock.o [21]
      .rodata          inited   0x8000'0a3c      0x3c  fsl_clock.o [21]
      .rodata          inited   0x8000'0a78      0x10  fsl_clock.o [21]
      .rodata          inited   0x8000'0a88       0x8  fsl_debug_console.o [26]
      .rodata          inited   0x8000'0a90      0x58  fsl_debug_console.o [26]
      .rodata          inited   0x8000'0ae8       0xc  fsl_debug_console.o [26]
      .rodata          inited   0x8000'0af4      0x28  fsl_debug_console.o [26]
      .rodata          inited   0x8000'0b1c      0x10  fsl_debug_console.o [26]
      .rodata          inited   0x8000'0b2c      0x3c  fsl_edma.o [21]
      .rodata          inited   0x8000'0b68      0x10  fsl_edma.o [21]
      .rodata          inited   0x8000'0b78       0xc  fsl_edma.o [21]
      .rodata          inited   0x8000'0b84      0x3c  fsl_enet.o [21]
      .rodata          inited   0x8000'0bc0      0x3c  fsl_enet.o [21]
      .rodata          inited   0x8000'0bfc       0xc  fsl_enet.o [21]
      .rodata          inited   0x8000'0c08      0x40  fsl_flexcan.o [21]
      .rodata          inited   0x8000'0c48      0x14  fsl_flexcan.o [21]
      .rodata          inited   0x8000'0c5c      0x14  fsl_flexcan.o [21]
      .rodata          inited   0x8000'0c70      0x14  fsl_flexcan.o [21]
      .rodata          inited   0x8000'0c84       0xc  fsl_gpio.o [21]
      .rodata          inited   0x8000'0c90      0x3c  fsl_gpio.o [21]
      .rodata          inited   0x8000'0ccc      0x3c  fsl_gpio.o [21]
      .rodata          inited   0x8000'0d08      0x3c  fsl_gpio.o [21]
      .rodata          inited   0x8000'0d44       0xc  fsl_gpio.o [21]
      .rodata          inited   0x8000'0d50      0x28  fsl_gpio.o [21]
      .rodata          inited   0x8000'0d78       0xc  fsl_gpio.o [21]
      .rodata          inited   0x8000'0d84      0x3c  fsl_lpspi.o [21]
      .rodata          inited   0x8000'0dc0      0x14  fsl_lpspi.o [21]
      .rodata          inited   0x8000'0dd4      0x14  fsl_lpspi.o [21]
      .rodata          inited   0x8000'0de8      0x14  fsl_lpspi.o [21]
      .rodata          inited   0x8000'0dfc      0x14  fsl_lpspi.o [21]
      .rodata          inited   0x8000'0e10       0xc  fsl_lpuart.o [21]
      .rodata          inited   0x8000'0e1c      0x3c  fsl_lpuart.o [21]
      .rodata          inited   0x8000'0e58      0x40  fsl_lpuart.o [21]
      .rodata          inited   0x8000'0e98      0x40  fsl_lpuart.o [21]
      .rodata          inited   0x8000'0ed8       0x8  fsl_lpuart.o [21]
      .rodata          inited   0x8000'0ee0       0x8  fsl_lpuart.o [21]
      .rodata          inited   0x8000'0ee8       0x8  fsl_lpuart.o [21]
      .rodata          inited   0x8000'0ef0      0x18  fsl_lpuart.o [21]
      .rodata          inited   0x8000'0f08      0x20  fsl_lpuart.o [21]
      .rodata          inited   0x8000'0f28      0x20  fsl_lpuart.o [21]
      .rodata          inited   0x8000'0f48      0x24  fsl_lpuart.o [21]
      .rodata          inited   0x8000'0f6c      0x14  fsl_lpuart.o [21]
      .rodata          inited   0x8000'0f80      0x14  fsl_lpuart.o [21]
      .rodata          inited   0x8000'0f94       0xc  fsl_pit.o [21]
      .rodata          inited   0x8000'0fa0      0x3c  fsl_pit.o [21]
      .rodata          inited   0x8000'0fdc      0x3c  fsl_pit.o [21]
      .rodata          inited   0x8000'1018      0x3c  fsl_pit.o [21]
      .rodata          inited   0x8000'1054       0x8  fsl_pit.o [21]
      .rodata          inited   0x8000'105c       0x4  fsl_pit.o [21]
      .rodata          inited   0x8000'1060       0xc  fsl_pwm.o [21]
      .rodata          inited   0x8000'106c      0x3c  fsl_pwm.o [21]
      .rodata          inited   0x8000'10a8      0x3c  fsl_pwm.o [21]
      .rodata          inited   0x8000'10e4      0x3c  fsl_pwm.o [21]
      .rodata          inited   0x8000'1120       0x8  fsl_pwm.o [21]
      .rodata          inited   0x8000'1128       0xc  fsl_pwm.o [21]
      .rodata          inited   0x8000'1134       0xc  fsl_pwm.o [21]
      .rodata          inited   0x8000'1140       0xc  fsl_pwm.o [21]
      .rodata          inited   0x8000'114c       0xc  fsl_pwm.o [21]
      .rodata          inited   0x8000'1158      0x28  fsl_pwm.o [21]
      .rodata          inited   0x8000'1180      0x1c  fsl_pwm.o [21]
      .rodata          inited   0x8000'119c      0x10  fsl_pwm.o [21]
      .rodata          inited   0x8000'11ac      0x14  fsl_pwm.o [21]
      .rodata          inited   0x8000'11c0      0x28  fsl_pwm.o [21]
      .rodata          inited   0x8000'11e8       0xc  fsl_qtmr.o [21]
      .rodata          inited   0x8000'11f4      0x3c  fsl_qtmr.o [21]
      .rodata          inited   0x8000'1230      0x3c  fsl_qtmr.o [21]
      .rodata          inited   0x8000'126c      0x3c  fsl_qtmr.o [21]
      .rodata          inited   0x8000'12a8       0x8  fsl_qtmr.o [21]
      .rodata          inited   0x8000'12b0      0x14  fsl_qtmr.o [21]
      .rodata          inited   0x8000'12c4       0xc  fsl_qtmr.o [21]
      .rodata          inited   0x8000'12d0      0x3c  fsl_sai.o [21]
      .rodata          inited   0x8000'130c      0x14  fsl_sai.o [21]
      .rodata          inited   0x8000'1320      0x14  fsl_sai.o [21]
      .rodata          inited   0x8000'1334       0xc  fsl_usdhc.o [21]
      .rodata          inited   0x8000'1340       0x8  isr.o [25]
      .rodata          inited   0x8000'1348       0xc  isr.o [25]
      .rodata          inited   0x8000'1354       0x8  lpuart_adapter.o [19]
      .rodata          inited   0x8000'135c      0x4c  lpuart_adapter.o [19]
      .rodata          inited   0x8000'13a8       0x8  lpuart_adapter.o [19]
      .rodata          inited   0x8000'13b0      0x4c  lpuart_adapter.o [19]
      .rodata          inited   0x8000'13fc      0x28  lpuart_adapter.o [19]
      .rodata          inited   0x8000'1424       0x8  lpuart_adapter.o [19]
      .rodata          inited   0x8000'142c       0x8  lpuart_adapter.o [19]
      .rodata          inited   0x8000'1434      0x24  lpuart_adapter.o [19]
      .rodata          inited   0x8000'1458       0x8  main.o [25]
      .rodata          inited   0x8000'1460       0xc  main.o [25]
      .rodata          inited   0x8000'146c      0x10  main.o [25]
      .rodata          inited   0x8000'147c       0xc  main.o [25]
      .rodata          inited   0x8000'1488      0x14  main.o [25]
      .rodata          inited   0x8000'149c       0x8  main.o [25]
      .rodata          inited   0x8000'14a4       0x8  main.o [25]
      .rodata          inited   0x8000'14ac       0x8  main.o [25]
      .rodata          inited   0x8000'14b4       0x8  main.o [25]
      .rodata          inited   0x8000'14bc       0xc  main.o [25]
      .rodata          inited   0x8000'14c8       0x8  main.o [25]
      .rodata          inited   0x8000'14d0       0x8  main.o [25]
      .rodata          inited   0x8000'14d8      0x14  main.o [25]
      .rodata          inited   0x8000'14ec       0x8  main.o [25]
      .rodata          inited   0x8000'14f4       0xc  main.o [25]
      .rodata          inited   0x8000'1500       0x8  main.o [25]
      .rodata          inited   0x8000'1508       0x8  main.o [25]
      .rodata          inited   0x8000'1510       0x8  main.o [25]
      .rodata          inited   0x8000'1518       0xc  main.o [25]
      .rodata          inited   0x8000'1524       0x8  SEEKFREE_OLED.o [23]
      .rodata          inited   0x8000'152c      0x40  SEEKFREE_OLED.o [23]
      .rodata          inited   0x8000'156c       0xc  SEEKFREE_OLED.o [23]
      .rodata          inited   0x8000'1578       0xc  serial_manager.o [19]
      .rodata          inited   0x8000'1584      0x54  serial_manager.o [19]
      .rodata          inited   0x8000'15d8       0x8  serial_manager.o [19]
      .rodata          inited   0x8000'15e0       0x8  serial_manager.o [19]
      .rodata          inited   0x8000'15e8       0x8  serial_manager.o [19]
      .rodata          inited   0x8000'15f0       0xc  serial_manager.o [19]
      .rodata          inited   0x8000'15fc       0x8  serial_manager.o [19]
      .rodata          inited   0x8000'1604      0x10  serial_manager.o [19]
      .rodata          inited   0x8000'1614      0x10  serial_port_uart.o [19]
      .rodata          inited   0x8000'1624      0x58  serial_port_uart.o [19]
      .rodata          inited   0x8000'167c      0x10  serial_port_uart.o [19]
      .rodata          inited   0x8000'168c       0x8  serial_port_uart.o [19]
      .rodata          inited   0x8000'1694       0x8  serial_port_uart.o [19]
      .rodata          inited   0x8000'169c       0xc  zf_iomuxc.o [22]
      .rodata          inited   0x8000'16a8      0x3c  zf_iomuxc.o [22]
      .rodata          inited   0x8000'16e4      0x3c  zf_iomuxc.o [22]
      .rodata          inited   0x8000'1720      0x18  zf_pit.o [22]
      .rodata          inited   0x8000'1738      0x3c  zf_pit.o [22]
      .rodata          inited   0x8000'1774       0x8  zf_pit.o [22]
      .rodata          inited   0x8000'177c      0x58  zf_pit.o [22]
      .rodata          inited   0x8000'17d4      0x38  zf_pwm.o [22]
      .rodata          inited   0x8000'180c      0x3c  zf_qtimer.o [22]
      .rodata          inited   0x8000'1848      0x18  zf_systick.o [22]
      .rodata          inited   0x8000'1860      0x3c  zf_systick.o [22]
      .rodata          inited   0x8000'189c      0x38  zf_uart.o [22]
      .rodata          inited   0x8000'18d4      0x24  xscanffull_nomb.o [28]
      .rodata          inited   0x8000'18f8      0x28  xscanffull_nomb.o [28]
      .rodata          inited   0x8000'1920      0x50  iar_Stoullx.o [28]
      .text            inited   0x8000'1970     0x194  BlueTooth.o [9]
      .text            inited   0x8000'1b04     0x388  board.o [18]
      .text            inited   0x8000'1e8c     0xb4e  cJSON.o [7]
      .text            inited   0x8000'29dc     0x788  clock_config.o [18]
      .text            inited   0x8000'3164      0x24  ESP8266.o [10]
      .text            inited   0x8000'3188      0x1c  fsl_assert.o [26]
      .text            inited   0x8000'31a4     0x788  fsl_clock.o [21]
      .text            inited   0x8000'392c      0x20  fsl_csi.o [21]
      .text            inited   0x8000'394c     0x1cc  fsl_debug_console.o [26]
      .text            inited   0x8000'3b18     0x454  fsl_edma.o [21]
      .text            inited   0x8000'3f6c      0xec  fsl_enet.o [21]
      .text            inited   0x8000'4058      0x9c  fsl_flexcan.o [21]
      .text            inited   0x8000'40f4      0x64  fsl_flexio.o [21]
      .text            inited   0x8000'4158     0x1ee  fsl_gpio.o [21]
      .text            inited   0x8000'4348      0x94  fsl_lpi2c.o [21]
      .text            inited   0x8000'43dc      0xf8  fsl_lpspi.o [21]
      .text            inited   0x8000'44d4     0x9ec  fsl_lpuart.o [21]
      .text            inited   0x8000'4ec0     0x144  fsl_pit.o [21]
      .text            inited   0x8000'5004     0xa60  fsl_pwm.o [21]
      .text            inited   0x8000'5a64     0x1c4  fsl_qtmr.o [21]
      .text            inited   0x8000'5c28     0x15c  fsl_sai.o [21]
      .text            inited   0x8000'5d84      0x50  fsl_spdif.o [21]
      .text            inited   0x8000'5dd4     0x964  fsl_str.o [26]
      .text            inited   0x8000'6738      0x30  fsl_usdhc.o [21]
      .text            inited   0x8000'6768      0xc4  HardWare.o [8]
      .text            inited   0x8000'682c     0x30c  HWT101.o [11]
      .text            inited   0x8000'6b38     0x308  isr.o [25]
      .text            inited   0x8000'6e40     0x178  lpuart_adapter.o [19]
      .text            inited   0x8000'6fb8     0x6a4  main.o [25]
      .text            inited   0x8000'765c     0x738  Motor.o [13]
      .text            inited   0x8000'7d94     0xbf0  PathIntegral.o [3]
      .text            inited   0x8000'8984     0x284  SEEKFREE_OLED.o [23]
      .text            inited   0x8000'8c08     0x1fc  serial_manager.o [19]
      .text            inited   0x8000'8e04      0xd4  serial_port_uart.o [19]
      .text            inited   0x8000'8ed8     0x18c  zf_gpio.o [22]
      .text            inited   0x8000'9064    0x6ab0  zf_iomuxc.o [22]
      .text            inited   0x8000'fb14     0x21c  zf_pit.o [22]
      .text            inited   0x8000'fd30     0x800  zf_pwm.o [22]
      .text            inited   0x8001'0530     0x76c  zf_qtimer.o [22]
      .text            inited   0x8001'0c9c      0x74  zf_systick.o [22]
      .text            inited   0x8001'0d10     0x470  zf_uart.o [22]
      .text            inited   0x8001'1180       0x6  ABImemclr4.o [30]
      .text            inited   0x8001'1188      0xa6  ABImemcpy.o [30]
      .text            inited   0x8001'1230      0x66  ABImemset.o [30]
      .text            inited   0x8001'1298      0x40  sprintf.o [28]
      .text            inited   0x8001'12d8      0x28  sscanf.o [28]
      .text            inited   0x8001'1300      0x12  strcmp.o [30]
      .text            inited   0x8001'1314      0x36  strlen.o [30]
      .text            inited   0x8001'134c     0x2be  strto64.o [29]
      .text            inited   0x8001'160c     0x274  I64DivMod.o [30]
      .text            inited   0x8001'1880      0x66  DblToS64.o [29]
      .text            inited   0x8001'18e8      0x54  S64ToDbl.o [29]
      .text            inited   0x8001'193c      0x9e  modf.o [29]
      .text            inited   0x8001'19dc     0x4f4  pow64.o [29]
      .text            inited   0x8001'1ed0      0x7e  atan2.o [29]
      .text            inited   0x8001'1f50     0x1d4  cos_sin32.o [29]
      .text            inited   0x8001'2124      0x1e  sqrt.o [29]
      .text            inited   0x8001'2144      0x32  ABImemset48.o [30]
      Veneer           inited   0x8001'2178       0x8  - Linker created -
      .text            inited   0x8001'2180    0x1d2c  dlmalloc.o [28]
      .text            inited   0x8001'3eac     0x1a8  iar_Stoflt.o [28]
      .text            inited   0x8001'4054     0x20c  iar_Stoxflt.o [28]
      .text            inited   0x8001'4260      0x88  frexp.o [29]
      .text            inited   0x8001'42e8     0x104  ldexp.o [29]
      .text            inited   0x8001'43ec       0x2  I64DivZer.o [30]
      .text            inited   0x8001'43f0     0x268  iar_Exp64.o [29]
      .text            inited   0x8001'4658      0x2c  xgetmemchunk.o [28]
      .text            inited   0x8001'4684      0x58  memchr.o [30]
      Veneer           inited   0x8001'46dc       0x8  - Linker created -
      .text            inited   0x8001'46e4       0xa  cexit.o [30]
      .text            inited   0x8001'46f0     0xd2e  xprintflarge_nomb.o [28]
      .text            inited   0x8001'5420     0xd50  xscanffull_nomb.o [28]
      .text            inited   0x8001'6170      0x40  xfail_s.o [28]
      .text            inited   0x8001'61b0      0x16  strchr.o [30]
      .text            inited   0x8001'61c8       0xe  math_wrappers64.o [29]
      .text            inited   0x8001'61d8      0xaa  iar_Stollx.o [28]
      .text            inited   0x8001'6284     0x1a6  iar_Stoullx.o [28]
      .rodata          inited   0x8001'642a       0x2  fsl_pit.o [21]
      .text            inited   0x8001'642c      0x12  common.o [22]
      .text            inited   0x8001'643e      0x2a  KB_Ex.o [6]
      .text            inited   0x8001'6468      0xde  PID.o [2]
      .text            inited   0x8001'6546     0x128  SliceManager.o [4]
      .text            inited   0x8001'666e       0x8  zf_vector.o [22]
      .text            inited   0x8001'6676       0x8  zf_vector.o [22]
      .text            inited   0x8001'667e       0x8  zf_vector.o [22]
      .text            inited   0x8001'6686       0x8  zf_vector.o [22]
      .text            inited   0x8001'668e       0x8  zf_vector.o [22]
      .text            inited   0x8001'6696       0x8  zf_vector.o [22]
      .text            inited   0x8001'669e       0x8  zf_vector.o [22]
      .text            inited   0x8001'66a6       0x8  zf_vector.o [22]
      .text            inited   0x8001'66ae       0x8  zf_vector.o [22]
      .text            inited   0x8001'66b6       0x8  zf_vector.o [22]
      .text            inited   0x8001'66be       0x8  zf_vector.o [22]
      .text            inited   0x8001'66c6       0x8  zf_vector.o [22]
      .text            inited   0x8001'66ce       0x8  zf_vector.o [22]
      .text            inited   0x8001'66d6       0x8  zf_vector.o [22]
      .text            inited   0x8001'66de       0x8  zf_vector.o [22]
      .text            inited   0x8001'66e6       0x8  zf_vector.o [22]
      .text            inited   0x8001'66ee       0x8  zf_vector.o [22]
      .text            inited   0x8001'66f6       0x2  zf_vector.o [22]
      .text            inited   0x8001'66f8       0x2  zf_vector.o [22]
      .text            inited   0x8001'66fa       0x2  zf_vector.o [22]
      .text            inited   0x8001'66fc       0x8  zf_vector.o [22]
      .text            inited   0x8001'6704       0x8  zf_vector.o [22]
      .text            inited   0x8001'670c       0x8  zf_vector.o [22]
      .text            inited   0x8001'6714       0x8  zf_vector.o [22]
      .text            inited   0x8001'671c       0x8  zf_vector.o [22]
      .text            inited   0x8001'6724       0x8  zf_vector.o [22]
      .text            inited   0x8001'672c       0x8  zf_vector.o [22]
      .text            inited   0x8001'6734       0x8  zf_vector.o [22]
      .text            inited   0x8001'673c       0x8  zf_vector.o [22]
      .text            inited   0x8001'6744       0x8  zf_vector.o [22]
      .text            inited   0x8001'674c       0x8  zf_vector.o [22]
      .text            inited   0x8001'6754       0x8  zf_vector.o [22]
      .text            inited   0x8001'675c       0x8  zf_vector.o [22]
      .text            inited   0x8001'6764       0x8  zf_vector.o [22]
      .text            inited   0x8001'676c       0x8  zf_vector.o [22]
      .text            inited   0x8001'6774       0x8  zf_vector.o [22]
      .text            inited   0x8001'677c       0x8  zf_vector.o [22]
      .text            inited   0x8001'6784       0x8  zf_vector.o [22]
      .text            inited   0x8001'678c       0x2  zf_vector.o [22]
      .text            inited   0x8001'678e       0x2  zf_vector.o [22]
      .text            inited   0x8001'6790       0x2  zf_vector.o [22]
      .text            inited   0x8001'6792       0x2  zf_vector.o [22]
      .text            inited   0x8001'6794       0x2  zf_vector.o [22]
      .text            inited   0x8001'6796       0x2  zf_vector.o [22]
      .text            inited   0x8001'6798       0x2  zf_vector.o [22]
      .text            inited   0x8001'679a       0x2  zf_vector.o [22]
      .text            inited   0x8001'679c       0x2  zf_vector.o [22]
      .text            inited   0x8001'679e       0x2  zf_vector.o [22]
      .text            inited   0x8001'67a0       0x2  zf_vector.o [22]
      .text            inited   0x8001'67a2       0x2  zf_vector.o [22]
      .text            inited   0x8001'67a4       0x2  zf_vector.o [22]
      .text            inited   0x8001'67a6       0x2  zf_vector.o [22]
      .text            inited   0x8001'67a8       0x2  zf_vector.o [22]
      .text            inited   0x8001'67aa       0x2  zf_vector.o [22]
      .text            inited   0x8001'67ac       0x2  zf_vector.o [22]
      .text            inited   0x8001'67ae       0x8  zf_vector.o [22]
      .text            inited   0x8001'67b6       0x8  zf_vector.o [22]
      .text            inited   0x8001'67be       0x8  zf_vector.o [22]
      .text            inited   0x8001'67c6       0x8  zf_vector.o [22]
      .text            inited   0x8001'67ce       0x8  zf_vector.o [22]
      .text            inited   0x8001'67d6       0x2  zf_vector.o [22]
      .text            inited   0x8001'67d8       0x2  zf_vector.o [22]
      .text            inited   0x8001'67da       0x2  zf_vector.o [22]
      .text            inited   0x8001'67dc       0x2  zf_vector.o [22]
      .text            inited   0x8001'67de       0x2  zf_vector.o [22]
      .text            inited   0x8001'67e0       0x2  zf_vector.o [22]
      .text            inited   0x8001'67e2       0x2  zf_vector.o [22]
      .text            inited   0x8001'67e4       0x2  zf_vector.o [22]
      .text            inited   0x8001'67e6       0x2  zf_vector.o [22]
      .text            inited   0x8001'67e8       0x2  zf_vector.o [22]
      .text            inited   0x8001'67ea       0x2  zf_vector.o [22]
      .text            inited   0x8001'67ec       0x2  zf_vector.o [22]
      .text            inited   0x8001'67ee       0x2  zf_vector.o [22]
      .text            inited   0x8001'67f0       0x2  zf_vector.o [22]
      .text            inited   0x8001'67f2       0x2  zf_vector.o [22]
      .text            inited   0x8001'67f4       0x2  zf_vector.o [22]
      .text            inited   0x8001'67f6       0x2  zf_vector.o [22]
      .text            inited   0x8001'67f8       0x2  zf_vector.o [22]
      .text            inited   0x8001'67fa       0x2  zf_vector.o [22]
      .text            inited   0x8001'67fc       0x2  zf_vector.o [22]
      .text            inited   0x8001'67fe       0x2  zf_vector.o [22]
      .text            inited   0x8001'6800       0x2  zf_vector.o [22]
      .text            inited   0x8001'6802       0x2  zf_vector.o [22]
      .text            inited   0x8001'6804       0x2  zf_vector.o [22]
      .text            inited   0x8001'6806       0x2  zf_vector.o [22]
      .text            inited   0x8001'6808       0x2  zf_vector.o [22]
      .text            inited   0x8001'680a       0x2  zf_vector.o [22]
      .text            inited   0x8001'680c       0x2  zf_vector.o [22]
      .text            inited   0x8001'680e       0x8  zf_vector.o [22]
      .text            inited   0x8001'6816       0x8  zf_vector.o [22]
      .text            inited   0x8001'681e       0x2  zf_vector.o [22]
      .text            inited   0x8001'6820       0x2  zf_vector.o [22]
      .text            inited   0x8001'6822       0x2  zf_vector.o [22]
      .text            inited   0x8001'6824       0x2  zf_vector.o [22]
      .text            inited   0x8001'6826       0x2  zf_vector.o [22]
      .text            inited   0x8001'6828       0x2  zf_vector.o [22]
      .text            inited   0x8001'682a       0x2  zf_vector.o [22]
      .text            inited   0x8001'682c       0x2  zf_vector.o [22]
      .text            inited   0x8001'682e       0x2  zf_vector.o [22]
      .text            inited   0x8001'6830       0x2  zf_vector.o [22]
      .text            inited   0x8001'6832       0x2  zf_vector.o [22]
      .text            inited   0x8001'6834       0x2  zf_vector.o [22]
      .text            inited   0x8001'6836       0x2  zf_vector.o [22]
      .text            inited   0x8001'6838       0x2  zf_vector.o [22]
      .text            inited   0x8001'683a       0x2  zf_vector.o [22]
      .text            inited   0x8001'683c       0x8  zf_vector.o [22]
      .text            inited   0x8001'6844       0x8  zf_vector.o [22]
      .text            inited   0x8001'684c       0x2  zf_vector.o [22]
      .text            inited   0x8001'684e       0x8  zf_vector.o [22]
      .text            inited   0x8001'6856       0x8  zf_vector.o [22]
      .text            inited   0x8001'685e       0x2  zf_vector.o [22]
      .text            inited   0x8001'6860       0x2  zf_vector.o [22]
      .text            inited   0x8001'6862       0x8  zf_vector.o [22]
      .text            inited   0x8001'686a       0x2  zf_vector.o [22]
      .text            inited   0x8001'686c       0x2  zf_vector.o [22]
      .text            inited   0x8001'686e       0x2  zf_vector.o [22]
      .text            inited   0x8001'6870       0x2  zf_vector.o [22]
      .text            inited   0x8001'6872       0x2  zf_vector.o [22]
      .text            inited   0x8001'6874       0x2  zf_vector.o [22]
      .text            inited   0x8001'6876       0x2  zf_vector.o [22]
      .text            inited   0x8001'6878       0x2  zf_vector.o [22]
      .text            inited   0x8001'687a       0x2  zf_vector.o [22]
      .text            inited   0x8001'687c       0x2  zf_vector.o [22]
      .text            inited   0x8001'687e       0x2  zf_vector.o [22]
      .text            inited   0x8001'6880       0x2  zf_vector.o [22]
      .text            inited   0x8001'6882       0x2  zf_vector.o [22]
      .text            inited   0x8001'6884       0x2  zf_vector.o [22]
      .text            inited   0x8001'6886       0x2  zf_vector.o [22]
      .text            inited   0x8001'6888       0x2  zf_vector.o [22]
      .text            inited   0x8001'688a       0x2  zf_vector.o [22]
      .text            inited   0x8001'688c       0x2  zf_vector.o [22]
      .text            inited   0x8001'688e       0x2  zf_vector.o [22]
      .text            inited   0x8001'6890       0x2  zf_vector.o [22]
      .text            inited   0x8001'6892       0x2  zf_vector.o [22]
      .text            inited   0x8001'6894       0x2  zf_vector.o [22]
      .text            inited   0x8001'6896       0x2  zf_vector.o [22]
      .text            inited   0x8001'6898       0x2  zf_vector.o [22]
      .text            inited   0x8001'689a       0x2  zf_vector.o [22]
      .text            inited   0x8001'689c       0x2  zf_vector.o [22]
      .text            inited   0x8001'689e       0x2  zf_vector.o [22]
      .text            inited   0x8001'68a0       0x2  zf_vector.o [22]
      .text            inited   0x8001'68a2       0x2  zf_vector.o [22]
      .text            inited   0x8001'68a4       0x2  zf_vector.o [22]
      .text            inited   0x8001'68a6       0x2  zf_vector.o [22]
      .text            inited   0x8001'68a8       0x2  zf_vector.o [22]
      .text            inited   0x8001'68aa       0x2  zf_vector.o [22]
      .text            inited   0x8001'68ac       0x2  zf_vector.o [22]
      .text            inited   0x8001'68ae       0x2  zf_vector.o [22]
      .text            inited   0x8001'68b0       0x8  zf_vector.o [22]
      .text            inited   0x8001'68b8       0x8  zf_vector.o [22]
      .text            inited   0x8001'68c0       0x8  zf_vector.o [22]
      .text            inited   0x8001'68c8       0x2  zf_vector.o [22]
      .text            inited   0x8001'68ca       0x8  zf_vector.o [22]
      .text            inited   0x8001'68d2       0x2  zf_vector.o [22]
      .text            inited   0x8001'68d4       0x2  zf_vector.o [22]
      .text            inited   0x8001'68d6       0x2  zf_vector.o [22]
      .text            inited   0x8001'68d8       0x2  zf_vector.o [22]
      .text            inited   0x8001'68da       0x2  zf_vector.o [22]
      .text            inited   0x8001'68dc       0x8  heaptramp0.o [28]
      .text            inited   0x8001'68e4      0x28  strncmp.o [28]
      .text            inited   0x8001'690c       0xc  tolower.o [28]
      .text            inited   0x8001'6918       0xa  xsprout.o [28]
      .text            inited   0x8001'6922      0x1e  xsscin.o [28]
      .text            inited   0x8001'6940     0x120  iar_Stopfx.o [28]
      .text            inited   0x8001'6a60       0x4  exit.o [28]
      .text            inited   0x8001'6a64       0xe  DblToU32.o [29]
      .text            inited   0x8001'6a72      0x12  DblDiv.o [29]
      .text            inited   0x8001'6a84      0x12  DblMul.o [29]
      .text            inited   0x8001'6a96      0x12  DblSub.o [29]
      .text            inited   0x8001'6aa8       0xe  U32ToDbl.o [29]
      .text            inited   0x8001'6ab6       0xe  DblToFlt.o [29]
                              - 0x8001'6ac4  0x1'66c4

Unused ranges:

         From           To        Size
         ----           --        ----
  0x2000'008e  0x2000'009f        0x12
  0x2000'1728  0x2006'efff    0x6'd8d8
  0x7001'052a  0x703f'ffff   0x3e'fad6
  0x8000'0000  0x8000'03ff       0x400
  0x8001'6ac4  0x81df'ffff  0x1de'953c


*******************************************************************************
*** INIT TABLE
***

          Address      Size
          -------      ----
Zero (__iar_zero_init3)
    1 destination range, total size 0x1285:
          0x2000'00a0    0x1285

Copy/lz77 (__iar_lz77_init3)
    1 source range, total size 0xdb48 (61% of destination):
          0x7000'296c    0xdb48
    1 destination range, total size 0x1'66c4:
          0x8000'0400  0x1'66c4

Copy/lz77 (__iar_lz77_init3)
    1 source range, total size 0x76 (83% of destination):
          0x7001'04b4      0x76
    1 destination range, total size 0x8e:
          0x2000'0000      0x8e



*******************************************************************************
*** MODULE SUMMARY
***

    Module                              ro code  rw code  ro data  rw data
    ------                              -------  -------  -------  -------
command line/config:
    ----------------------------------------------------------------------
    Total:

F:\工训\车赛\Projecct\IAR\program\nor_sdram_zf_dtcm\Obj\_Algorithm\KalmanFilter: [1]
    ----------------------------------------------------------------------
    Total:

F:\工训\车赛\Projecct\IAR\program\nor_sdram_zf_dtcm\Obj\_Algorithm\PID: [2]
    PID.o                                            222      136
    ----------------------------------------------------------------------
    Total:                                           222      136

F:\工训\车赛\Projecct\IAR\program\nor_sdram_zf_dtcm\Obj\_Application\PathIntegral: [3]
    PathIntegral.o                                 3'056    1'868      214
    ----------------------------------------------------------------------
    Total:                                         3'056    1'868      214

F:\工训\车赛\Projecct\IAR\program\nor_sdram_zf_dtcm\Obj\_Application\SliceManager: [4]
    SliceManager.o                                   296      181
    ----------------------------------------------------------------------
    Total:                                           296      181

F:\工训\车赛\Projecct\IAR\program\nor_sdram_zf_dtcm\Obj\_Application\SliceUpdater: [5]
    ----------------------------------------------------------------------
    Total:

F:\工训\车赛\Projecct\IAR\program\nor_sdram_zf_dtcm\Obj\_DataStructure\KB_Ex: [6]
    KB_Ex.o                                           42       25
    ----------------------------------------------------------------------
    Total:                                            42       25

F:\工训\车赛\Projecct\IAR\program\nor_sdram_zf_dtcm\Obj\_DataStructure\cJSON: [7]
    cJSON.o                                        2'894    1'794       44
    ----------------------------------------------------------------------
    Total:                                         2'894    1'794       44

F:\工训\车赛\Projecct\IAR\program\nor_sdram_zf_dtcm\Obj\_HardWare: [8]
    HardWare.o                                       196      119        4
    ----------------------------------------------------------------------
    Total:                                           196      119        4

F:\工训\车赛\Projecct\IAR\program\nor_sdram_zf_dtcm\Obj\_HardWare\BlueTooth: [9]
    BlueTooth.o                                      404      247       84
    ----------------------------------------------------------------------
    Total:                                           404      247       84

F:\工训\车赛\Projecct\IAR\program\nor_sdram_zf_dtcm\Obj\_HardWare\ESP8266: [10]
    ESP8266.o                                         36       22      201
    ----------------------------------------------------------------------
    Total:                                            36       22      201

F:\工训\车赛\Projecct\IAR\program\nor_sdram_zf_dtcm\Obj\_HardWare\HWT101: [11]
    HWT101.o                                         780      477      106
    ----------------------------------------------------------------------
    Total:                                           780      477      106

F:\工训\车赛\Projecct\IAR\program\nor_sdram_zf_dtcm\Obj\_HardWare\Key: [12]
    ----------------------------------------------------------------------
    Total:

F:\工训\车赛\Projecct\IAR\program\nor_sdram_zf_dtcm\Obj\_HardWare\Motor: [13]
    Motor.o                                        1'848    1'130      297
    ----------------------------------------------------------------------
    Total:                                         1'848    1'130      297

F:\工训\车赛\Projecct\IAR\program\nor_sdram_zf_dtcm\Obj\_HardWare\OpenArt: [14]
    ----------------------------------------------------------------------
    Total:

F:\工训\车赛\Projecct\IAR\program\nor_sdram_zf_dtcm\Obj\_HardWare\SYN6288: [15]
    ----------------------------------------------------------------------
    Total:

F:\工训\车赛\Projecct\IAR\program\nor_sdram_zf_dtcm\Obj\_HardWare\Tracer: [16]
    ----------------------------------------------------------------------
    Total:

F:\工训\车赛\Projecct\IAR\program\nor_sdram_zf_dtcm\Obj\_Math\Vector2: [17]
    ----------------------------------------------------------------------
    Total:

F:\工训\车赛\Projecct\IAR\program\nor_sdram_zf_dtcm\Obj\board: [18]
    board.o                                          904      552
    clock_config.o                                 1'928    1'243      104
    ----------------------------------------------------------------------
    Total:                                         2'832    1'795      104

F:\工训\车赛\Projecct\IAR\program\nor_sdram_zf_dtcm\Obj\components: [19]
    lpuart_adapter.o                                 376      389      260
    serial_manager.o                                 508      406      156
    serial_port_uart.o                               212      212      136
    ----------------------------------------------------------------------
    Total:                                         1'096    1'007      552

F:\工训\车赛\Projecct\IAR\program\nor_sdram_zf_dtcm\Obj\deceive: [20]
    system_MIMXRT1064.o                     406                 3        4
    ----------------------------------------------------------------------
    Total:                                  406                 3        4

F:\工训\车赛\Projecct\IAR\program\nor_sdram_zf_dtcm\Obj\drives: [21]
    fsl_clock.o                                    1'928    1'234      100
    fsl_csi.o                                         32       20        8
    fsl_edma.o                                     1'108      730      216
    fsl_enet.o                                       236      225      156
    fsl_flexcan.o                                    156      172      144
    fsl_flexio.o                                     100       61       24
    fsl_gpio.o                                       494      458      256
    fsl_lpi2c.o                                      148       92       48
    fsl_lpspi.o                                      248      237      168
    fsl_lpuart.o                                   2'540    1'790      428
    fsl_pit.o                                        324      324      206
    fsl_pwm.o                                      2'656    1'862      392
    fsl_qtmr.o                                       452      418      232
    fsl_sai.o                                        348      274      140
    fsl_spdif.o                                       80       49       16
    fsl_usdhc.o                                       48       38       28
    ----------------------------------------------------------------------
    Total:                                        10'898    7'984    2'562

F:\工训\车赛\Projecct\IAR\program\nor_sdram_zf_dtcm\Obj\seekfree_libraries: [22]
    common.o                                          18       11
    zf_gpio.o                                        396      275       40
    zf_iomuxc.o                                   27'312   16'775      132
    zf_pit.o                                         540      440      180
    zf_pwm.o                                       2'048    1'302       76
    zf_qtimer.o                                    1'900    1'215       80
    zf_systick.o                                     116      122       84
    zf_uart.o                                      1'136      758       92
    zf_vector.o                                      622    1'404
    ----------------------------------------------------------------------
    Total:                                        34'088   22'302      684

F:\工训\车赛\Projecct\IAR\program\nor_sdram_zf_dtcm\Obj\seekfree_peripheral: [23]
    SEEKFREE_OLED.o                                  644      445       84
    ----------------------------------------------------------------------
    Total:                                           644      445       84

F:\工训\车赛\Projecct\IAR\program\nor_sdram_zf_dtcm\Obj\startup: [24]
    startup_MIMXRT1064.o                    108
    ----------------------------------------------------------------------
    Total:                                  108

F:\工训\车赛\Projecct\IAR\program\nor_sdram_zf_dtcm\Obj\user_c: [25]
    isr.o                                            776      489      510
    main.o                                         1'700    1'169    2'615
    ----------------------------------------------------------------------
    Total:                                         2'476    1'658    3'125

F:\工训\车赛\Projecct\IAR\program\nor_sdram_zf_dtcm\Obj\utilities: [26]
    fsl_assert.o                                      28       44       44
    fsl_debug_console.o                              460      382      196
    fsl_str.o                                      2'404    1'469
    ----------------------------------------------------------------------
    Total:                                         2'892    1'895      240

F:\工训\车赛\Projecct\IAR\program\nor_sdram_zf_dtcm\Obj\xip: [27]
    evkmimxrt1064_flexspi_nor_config.o                        512
    evkmimxrt1064_sdram_ini_dcd.o                           1'072
    fsl_flexspi_nor_boot.o                                     48
    ----------------------------------------------------------------------
    Total:                                                  1'632

dl7M_tln.a: [28]
    abort.o                                   6
    dlmalloc.o                                     7'468    4'564      496
    exit.o                                             4        3
    heaptramp0.o                                       8        5
    iar_Stoflt.o                                     424      259
    iar_Stollx.o                                     170      105
    iar_Stopfx.o                                     288      176
    iar_Stoullx.o                                    422      309       80
    iar_Stoxflt.o                                    524      321
    low_level_init.o                          4
    sprintf.o                                         64       40
    sscanf.o                                          40       25
    strncmp.o                                         40       25
    tolower.o                                         12        7
    xfail_s.o                                         64       39        4
    xgetmemchunk.o                                    44       26        4
    xprintflarge_nomb.o                            3'374    2'064
    xscanffull_nomb.o                              3'408    2'131       76
    xsprout.o                                         10        6
    xsscin.o                                          30       18
    ----------------------------------------------------------------------
    Total:                                   10   16'394   10'123      660

m7M_tlv.a: [29]
    DblDiv.o                                          18       11
    DblMul.o                                          18       11
    DblSub.o                                          18       11
    DblToFlt.o                                        14        9
    DblToS64.o                                       102       63
    DblToU32.o                                        14        8
    S64ToDbl.o                                        84       52
    U32ToDbl.o                                        14        9
    atan2.o                                          126       77
    cos_sin32.o                                      468      287
    fpinit_M.o                               34
    frexp.o                                          136       83
    iar_Exp64.o                                      616      378
    ldexp.o                                          260      159
    math_wrappers64.o                                 14       10
    modf.o                                           158       97
    pow64.o                                        1'268    1'421    1'056
    sqrt.o                                            30       19
    strto64.o                                        702      474       72
    xatan.o                                          280      171
    ----------------------------------------------------------------------
    Total:                                   34    4'340    3'350    1'128

rt7M_tl.a: [30]
    ABImemclr4.o                                       6        4
    ABImemcpy.o                                      166      102
    ABImemset.o                                      102       64
    ABImemset48.o                                     50       32
    I64DivMod.o                                      628      385
    I64DivZer.o                                        2        1
    cexit.o                                           10        6
    cmain.o                                  30
    cstartup_M.o                             28
    data_init.o                              40
    lz77_init.o                             496
    memchr.o                                          88       54
    strchr.o                                          22       13
    strcmp.o                                          18       11
    strlen.o                                          54       34
    vector_table_M.o                         64
    zero_init3.o                             56
    ----------------------------------------------------------------------
    Total:                                  714    1'146      706

shb_l.a: [31]
    exit.o                                   20
    ----------------------------------------------------------------------
    Total:                                   20

    Gaps                                      6       38        2
    Linker created                           16       16       83    5'120
--------------------------------------------------------------------------
    Grand Total:                          1'314   86'634   58'984   15'213


*******************************************************************************
*** ENTRY LIST
***

Entry                       Address    Size  Type      Object
-----                       -------    ----  ----      ------
.iar.init_table$$Base   0x7000'28d4           --   Gb  - Linker created -
.iar.init_table$$Limit  0x7000'291c           --   Gb  - Linker created -
?main                   0x7000'292d          Code  Gb  cmain.o [30]
ACMP1_IRQHandler        0x8001'6877     0x2  Code  Gb  zf_vector.o [22]
ACMP2_IRQHandler        0x8001'6879     0x2  Code  Gb  zf_vector.o [22]
ACMP3_IRQHandler        0x8001'687b     0x2  Code  Gb  zf_vector.o [22]
ACMP4_IRQHandler        0x8001'687d     0x2  Code  Gb  zf_vector.o [22]
ADC1_IRQHandler         0x8001'67e3     0x2  Code  Gb  zf_vector.o [22]
ADC2_IRQHandler         0x8001'67e5     0x2  Code  Gb  zf_vector.o [22]
ADC_ETC_ERROR_IRQ_IRQHandler
                        0x8001'6875     0x2  Code  Gb  zf_vector.o [22]
ADC_ETC_IRQ0_IRQHandler
                        0x8001'686f     0x2  Code  Gb  zf_vector.o [22]
ADC_ETC_IRQ1_IRQHandler
                        0x8001'6871     0x2  Code  Gb  zf_vector.o [22]
ADC_ETC_IRQ2_IRQHandler
                        0x8001'6873     0x2  Code  Gb  zf_vector.o [22]
ARM_MPU_Disable         0x8000'1b4b    0x2a  Code  Lc  board.o [18]
ARM_MPU_Enable          0x8000'1b27    0x24  Code  Lc  board.o [18]
AdditionInit            0x8000'73ab    0x5e  Code  Gb  main.o [25]
BEE_IRQHandler          0x8001'67ad     0x2  Code  Gb  zf_vector.o [22]
BOARD_BootClockRUN      0x8000'2b6d   0x4ca  Code  Gb  clock_config.o [18]
BOARD_ConfigMPU         0x8000'1d39    0xa6  Code  Gb  board.o [18]
BOARD_DebugConsoleSrcFreq
                        0x8000'1ce7    0x3a  Code  Gb  board.o [18]
BOARD_InitDebugConsole  0x8000'1d21    0x18  Code  Gb  board.o [18]
BlueTooth_Callback      0x8000'19cd    0x8a  Code  Gb  BlueTooth.o [9]
BlueTooth_Handle        0x2000'00a8    0x30  Data  Gb  BlueTooth.o [9]
BlueTooth_buffer        0x2000'00d8    0x20  Data  Gb  BlueTooth.o [9]
BlueTooth_chr_buffer    0x2000'1316     0x1  Data  Gb  BlueTooth.o [9]
BlueTooth_decode        0x8000'701d   0x38e  Code  Gb  main.o [25]
BlueTooth_init          0x8000'1a57    0x40  Code  Gb  BlueTooth.o [9]
BlueTooth_num           0x2000'1317     0x1  Data  Gb  BlueTooth.o [9]
BlueTooth_recv_enable   0x2000'1318     0x1  Data  Gb  BlueTooth.o [9]
BlueTooth_recv_really   0x2000'1319     0x1  Data  Gb  BlueTooth.o [9]
BlueTooth_send          0x8000'1a97    0x2a  Code  Gb  BlueTooth.o [9]
BlueTooth_sendStr       0x8000'1ac1    0x1e  Code  Gb  BlueTooth.o [9]
BlueTooth_update        0x8000'19a1    0x2c  Code  Gb  BlueTooth.o [9]
BusFault_Handler        0x8001'6433     0x2  Code  Gb  common.o [22]
CAN1_DriverIRQHandler   0x8000'4059    0x28  Code  Gb  fsl_flexcan.o [21]
CAN1_IRQHandler         0x8001'677d     0x8  Code  Gb  zf_vector.o [22]
CAN2_DriverIRQHandler   0x8000'4081    0x28  Code  Gb  fsl_flexcan.o [21]
CAN2_IRQHandler         0x8001'6785     0x8  Code  Gb  zf_vector.o [22]
CAN3_DriverIRQHandler   0x8000'40a9    0x28  Code  Gb  fsl_flexcan.o [21]
CAN3_IRQHandler         0x8001'68c1     0x8  Code  Gb  zf_vector.o [22]
CCM_1_IRQHandler        0x8001'6825     0x2  Code  Gb  zf_vector.o [22]
CCM_2_IRQHandler        0x8001'6827     0x2  Code  Gb  zf_vector.o [22]
CLOCK_ControlGate       0x8000'2ad9    0x48  Code  Lc  clock_config.o [18]
CLOCK_ControlGate       0x8000'4159    0x42  Code  Lc  fsl_gpio.o [21]
CLOCK_ControlGate       0x8000'44f5    0x48  Code  Lc  fsl_lpuart.o [21]
CLOCK_ControlGate       0x8000'4ec1    0x42  Code  Lc  fsl_pit.o [21]
CLOCK_ControlGate       0x8000'5005    0x48  Code  Lc  fsl_pwm.o [21]
CLOCK_ControlGate       0x8000'5a65    0x42  Code  Lc  fsl_qtmr.o [21]
CLOCK_ControlGate       0x8000'9065    0x42  Code  Lc  zf_iomuxc.o [22]
CLOCK_DeinitAudioPll    0x8000'3545     0xc  Code  Gb  fsl_clock.o [21]
CLOCK_DeinitEnetPll     0x8000'355d     0xc  Code  Gb  fsl_clock.o [21]
CLOCK_DeinitUsb2Pll     0x8000'353b     0xa  Code  Gb  fsl_clock.o [21]
CLOCK_DeinitVideoPll    0x8000'3551     0xc  Code  Gb  fsl_clock.o [21]
CLOCK_DisableClock      0x8000'2b21    0x10  Code  Lc  clock_config.o [18]
CLOCK_DisableClock      0x8000'454d    0x10  Code  Lc  fsl_lpuart.o [21]
CLOCK_DisableClock      0x8000'4f13    0x10  Code  Lc  fsl_pit.o [21]
CLOCK_DisableClock      0x8000'505d    0x10  Code  Lc  fsl_pwm.o [21]
CLOCK_DisableClock      0x8000'5ab7    0x10  Code  Lc  fsl_qtmr.o [21]
CLOCK_EnableClock       0x8000'419b    0x10  Code  Lc  fsl_gpio.o [21]
CLOCK_EnableClock       0x8000'453d    0x10  Code  Lc  fsl_lpuart.o [21]
CLOCK_EnableClock       0x8000'4f03    0x10  Code  Lc  fsl_pit.o [21]
CLOCK_EnableClock       0x8000'504d    0x10  Code  Lc  fsl_pwm.o [21]
CLOCK_EnableClock       0x8000'5aa7    0x10  Code  Lc  fsl_qtmr.o [21]
CLOCK_EnableClock       0x8000'90b5    0x10  Code  Lc  zf_iomuxc.o [22]
CLOCK_GetAhbFreq        0x8000'3339    0x18  Code  Gb  fsl_clock.o [21]
CLOCK_GetDiv            0x8000'1cab    0x2a  Code  Lc  board.o [18]
CLOCK_GetFreq           0x8000'33cf   0x114  Code  Gb  fsl_clock.o [21]
CLOCK_GetIpgFreq        0x8000'338d    0x18  Code  Gb  fsl_clock.o [21]
CLOCK_GetMux            0x8000'1c81    0x2a  Code  Lc  board.o [18]
CLOCK_GetOscFreq        0x8000'1cd5    0x12  Code  Lc  board.o [18]
CLOCK_GetOscFreq        0x8000'31a5    0x18  Code  Lc  fsl_clock.o [21]
CLOCK_GetPerClkFreq     0x8000'33a5    0x2a  Code  Gb  fsl_clock.o [21]
CLOCK_GetPeriphClkFreq  0x8000'320b    0xae  Code  Lc  fsl_clock.o [21]
CLOCK_GetPllBypassRefClk
                        0x8000'31e9    0x22  Code  Lc  fsl_clock.o [21]
CLOCK_GetPllFreq        0x8000'3569   0x252  Code  Gb  fsl_clock.o [21]
CLOCK_GetRtcFreq        0x8000'31bd     0x6  Code  Lc  fsl_clock.o [21]
CLOCK_GetSemcFreq       0x8000'3351    0x3c  Code  Gb  fsl_clock.o [21]
CLOCK_GetSysPfdFreq     0x8000'37d5    0x60  Code  Gb  fsl_clock.o [21]
CLOCK_GetUsb1PfdFreq    0x8000'3849    0x60  Code  Gb  fsl_clock.o [21]
CLOCK_InitArmPll        0x8000'34e3    0x58  Code  Gb  fsl_clock.o [21]
CLOCK_InitExternalClk   0x8000'32b9    0x52  Code  Gb  fsl_clock.o [21]
CLOCK_InitRcOsc24M      0x8000'3327    0x12  Code  Gb  fsl_clock.o [21]
CLOCK_IsPllBypassed     0x8000'31c3    0x10  Code  Lc  fsl_clock.o [21]
CLOCK_IsPllEnabled      0x8000'31d3    0x16  Code  Lc  fsl_clock.o [21]
CLOCK_SetDiv            0x8000'2a5b    0x7e  Code  Lc  clock_config.o [18]
CLOCK_SetDiv            0x8000'fbab    0x78  Code  Lc  zf_pit.o [22]
CLOCK_SetMux            0x8000'29dd    0x7e  Code  Lc  clock_config.o [18]
CLOCK_SetMux            0x8000'fb33    0x78  Code  Lc  zf_pit.o [22]
CLOCK_SetPllBypass      0x8000'2b41    0x2c  Code  Lc  clock_config.o [18]
CLOCK_SetRtcXtalFreq    0x8000'2b39     0x8  Code  Lc  clock_config.o [18]
CLOCK_SetXtalFreq       0x8000'2b31     0x8  Code  Lc  clock_config.o [18]
CLOCK_SwitchOsc         0x8000'330b    0x1c  Code  Gb  fsl_clock.o [21]
CORE_IRQHandler         0x8001'66fb     0x2  Code  Gb  zf_vector.o [22]
CSI_DriverIRQHandler    0x8000'392d    0x10  Code  Gb  fsl_csi.o [21]
CSI_IRQHandler          0x8000'6b7b     0xc  Code  Gb  isr.o [25]
CSTACK$$Base            0x2006'f000           --   Gb  - Linker created -
[...]
__iar_pow64             0x8001'19dd   0x484  Code  Gb  pow64.o [29]
__iar_pow_medium        0x8001'19dd   0x484  Code  Gb  pow64.o [29]
__iar_pow_medium64      0x8001'19dd   0x484  Code  Gb  pow64.o [29]
__iar_pow_mediuml       0x8001'19dd   0x484  Code  Gb  pow64.o [29]
__iar_program_start     0x7000'2951          Code  Gb  cstartup_M.o [30]
__iar_scalbln64         0x8001'42fd          Code  Gb  ldexp.o [29]
__iar_scalbn64          0x8001'42fd          Code  Gb  ldexp.o [29]
__iar_sin32             0x8001'2121     0x4  Code  Gb  cos_sin32.o [29]
__iar_sin_medium32      0x8001'2121     0x4  Code  Gb  cos_sin32.o [29]
__iar_sin_mediumf       0x8001'2121     0x4  Code  Gb  cos_sin32.o [29]
__iar_softfp___iar_Sto64
                        0x8001'61cf     0x8  Code  Gb  math_wrappers64.o [29]
__iar_softfp___iar_frexp64
                        0x8001'4279          Code  Gb  frexp.o [29]
__iar_softfp___iar_ldexp64
                        0x8001'42e9          Code  Gb  ldexp.o [29]
__iar_softfp___iar_scalbln64
                        0x8001'42e9          Code  Gb  ldexp.o [29]
__iar_softfp___iar_scalbn64
                        0x8001'42e9          Code  Gb  ldexp.o [29]
__iar_softfp_frexp      0x8001'4279          Code  Gb  frexp.o [29]
__iar_softfp_frexpl     0x8001'4279          Code  Gb  frexp.o [29]
__iar_softfp_ldexp      0x8001'42e9          Code  Gb  ldexp.o [29]
__iar_softfp_ldexpl     0x8001'42e9          Code  Gb  ldexp.o [29]
__iar_softfp_scalbln    0x8001'42e9          Code  Gb  ldexp.o [29]
__iar_softfp_scalblnl   0x8001'42e9          Code  Gb  ldexp.o [29]
__iar_softfp_scalbn     0x8001'42e9          Code  Gb  ldexp.o [29]
__iar_softfp_scalbnl    0x8001'42e9          Code  Gb  ldexp.o [29]
__iar_sqrt64            0x8001'2125          Code  Gb  sqrt.o [29]
__iar_xatan             0x8000'0869          Code  Gb  xatan.o [29]
__iar_zero_init3        0x7000'2851    0x38  Code  Gb  zero_init3.o [30]
__low_level_init        0x7000'294b     0x4  Code  Gb  low_level_init.o [28]
__vector_table          0x7000'2400          Data  Gb  vector_table_M.o [30]
__zf_vector_table       0x7000'2000   0x400  Data  Gb  zf_vector.o [22]
_call_main              0x7000'2939          Code  Gb  cmain.o [30]
_exit                   0x8001'46e5          Code  Gb  cexit.o [30]
_gm_                    0x2000'1134   0x1d8  Data  Lc  dlmalloc.o [28]
abort                   0x7000'2631     0x6  Code  Gb  abort.o [28]
action_flag             0x2000'008d     0x1  Data  Gb  main.o [25]
armPllConfig_BOARD_BootClockRUN
                        0x8000'09f8     0x8  Data  Gb  clock_config.o [18]
atan2                   0x8001'1ed1          Code  Gb  atan2.o [29]
atan2l                  0x8001'1ed1          Code  Gb  atan2.o [29]
board_init              0x8000'1ddf    0x24  Code  Gb  board.o [18]
boot_data               0x7000'1020    0x10  Data  Gb  fsl_flexspi_nor_boot.o [27]
buffer_skip_whitespace  0x8000'2397    0x50  Code  Lc  cJSON.o [7]
cJSON_Delete            0x8000'1f05    0x5c  Code  Gb  cJSON.o [7]
cJSON_GetArrayItem      0x8000'292f    0x18  Code  Gb  cJSON.o [7]
cJSON_GetArraySize      0x8000'28ef    0x22  Code  Gb  cJSON.o [7]
cJSON_GetObjectItem     0x8000'29a3    0x12  Code  Gb  cJSON.o [7]
cJSON_IsArray           0x8000'29bd    0x1e  Code  Gb  cJSON.o [7]
cJSON_New_Item          0x8000'1edd    0x28  Code  Lc  cJSON.o [7]
cJSON_Parse             0x8000'2539    0x10  Code  Gb  cJSON.o [7]
cJSON_ParseWithLengthOpts
                        0x8000'2453    0xe0  Code  Gb  cJSON.o [7]
cJSON_ParseWithOpts     0x8000'242b    0x28  Code  Gb  cJSON.o [7]
case_insensitive_strcmp
                        0x8000'1e8d    0x50  Code  Lc  cJSON.o [7]
cosf                    0x8001'211d     0x4  Code  Gb  cos_sin32.o [29]
dcd_data                0x7000'1030   0x430  Data  Gb  evkmimxrt1064_sdram_ini_dcd.o [27]
digits                  0x8000'1948    0x28  Data  Lc  iar_Stoullx.o [28]
dispose_chunk           0x8001'2209   0x4b4  Code  Lc  dlmalloc.o [28]
exit                    0x8001'6a61     0x4  Code  Gb  exit.o [28]
free                    0x8001'68dd     0x4  Code  Gb  heaptramp0.o [28]
frexp                   0x8001'4261          Code  Gb  frexp.o [29]
frexpl                  0x8001'4261          Code  Gb  frexp.o [29]
g_f32HWT101_Direction   0x2000'03e0     0x4  Data  Gb  HWT101.o [11]
g_f32Motor_RealAngle    0x2000'103c     0x4  Data  Gb  Motor.o [13]
g_f32Motor_Rotation     0x2000'1038     0x4  Data  Gb  Motor.o [13]
g_f32Motor_Speed_BL     0x2000'0ff4     0x4  Data  Gb  Motor.o [13]
g_f32Motor_Speed_BR     0x2000'0ff8     0x4  Data  Gb  Motor.o [13]
g_f32Motor_Speed_FL     0x2000'0fec     0x4  Data  Gb  Motor.o [13]
g_f32Motor_Speed_FR     0x2000'0ff0     0x4  Data  Gb  Motor.o [13]
g_f32Motor_Speed_Index_BL
                        0x2000'1048     0x4  Data  Gb  Motor.o [13]
g_f32Motor_Speed_Index_BR
                        0x2000'104c     0x4  Data  Gb  Motor.o [13]
g_f32Motor_Speed_Index_FL
                        0x2000'1040     0x4  Data  Gb  Motor.o [13]
g_f32Motor_Speed_Index_FR
                        0x2000'1044     0x4  Data  Gb  Motor.o [13]
g_rtcXtalFreq           0x2000'01cc     0x4  Data  Gb  fsl_clock.o [21]
g_serialHandle          0x2000'01f4     0x4  Data  Gb  fsl_debug_console.o [26]
g_u8RotationEnable      0x2000'131e     0x1  Data  Gb  Motor.o [13]
g_vec2_currentPos       0x2000'109c     0x8  Data  Gb  PathIntegral.o [3]
g_xtalFreq              0x2000'01c8     0x4  Data  Gb  fsl_clock.o [21]
getAngle                0x8000'6a11    0xa0  Code  Gb  HWT101.o [11]
get_array_item          0x8000'2911    0x1e  Code  Lc  cJSON.o [7]
get_decimal_point       0x8000'1f61     0x4  Code  Lc  cJSON.o [7]
get_object_item         0x8000'2947    0x5c  Code  Lc  cJSON.o [7]
global_error            0x2000'00f8     0x8  Data  Lc  cJSON.o [7]
global_hooks            0x2000'0074     0xc  Data  Lc  cJSON.o [7]
gpio_init               0x8000'8f4d    0x6c  Code  Gb  zf_gpio.o [22]
gpio_interrupt_init     0x8000'8ffb    0x60  Code  Gb  zf_gpio.o [22]
gpio_set                0x8000'8fb9    0x42  Code  Gb  zf_gpio.o [22]
image_vector_table      0x7000'1000    0x20  Data  Gb  fsl_flexspi_nor_boot.o [27]
init_mparams            0x8001'219d    0x2c  Code  Lc  dlmalloc.o [28]
init_top                0x8001'21c9    0x34  Code  Lc  dlmalloc.o [28]
iomuxc_pinconf          0x8000'90f1  0x694c  Code  Gb  zf_iomuxc.o [22]
keyNum                  0x2000'05c8     0x4  Data  Gb  main.o [25]
ldexp                   0x8001'42fd          Code  Gb  ldexp.o [29]
ldexpl                  0x8001'42fd          Code  Gb  ldexp.o [29]
lnbias                  0x8000'0448   0x420  Data  Lc  pow64.o [29]
m_boot_hdr_conf_start {Abs}
                        0x7000'0000          Data  Gb  <internal module>
m_enumState             0x2000'1324     0x1  Data  Gb  PathIntegral.o [3]
m_f32Encoder_BL         0x2000'10b4     0x4  Data  Gb  PathIntegral.o [3]
m_f32Encoder_BR         0x2000'10b8     0x4  Data  Gb  PathIntegral.o [3]
m_f32Encoder_FL         0x2000'10ac     0x4  Data  Gb  PathIntegral.o [3]
m_f32Encoder_FR         0x2000'10b0     0x4  Data  Gb  PathIntegral.o [3]
m_f32MotorOut_BL        0x2000'1004     0x4  Data  Gb  Motor.o [13]
m_f32MotorOut_BR        0x2000'1008     0x4  Data  Gb  Motor.o [13]
m_f32MotorOut_FL        0x2000'0ffc     0x4  Data  Gb  Motor.o [13]
m_f32MotorOut_FR        0x2000'1000     0x4  Data  Gb  Motor.o [13]
m_f32Motor_BL           0x2000'105c     0x4  Data  Gb  PathIntegral.o [3]
m_f32Motor_BR           0x2000'1060     0x4  Data  Gb  PathIntegral.o [3]
m_f32Motor_FL           0x2000'1054     0x4  Data  Gb  PathIntegral.o [3]
m_f32Motor_FR           0x2000'1058     0x4  Data  Gb  PathIntegral.o [3]
m_f32Motor_RotationOut  0x2000'1050     0x4  Data  Gb  Motor.o [13]
m_f32PIDin_BL           0x2000'0fe4     0x4  Data  Gb  Motor.o [13]
m_f32PIDin_BR           0x2000'0fe8     0x4  Data  Gb  Motor.o [13]
m_f32PIDin_FL           0x2000'0fdc     0x4  Data  Gb  Motor.o [13]
m_f32PIDin_FR           0x2000'0fe0     0x4  Data  Gb  Motor.o [13]
m_f32PIDout_BL          0x2000'0fd4     0x4  Data  Gb  Motor.o [13]
m_f32PIDout_BR          0x2000'0fd8     0x4  Data  Gb  Motor.o [13]
m_f32PIDout_FL          0x2000'0fcc     0x4  Data  Gb  Motor.o [13]
m_f32PIDout_FR          0x2000'0fd0     0x4  Data  Gb  Motor.o [13]
m_f32PathIntegral       0x2000'10c0     0x4  Data  Gb  PathIntegral.o [3]
m_f32RealRotation       0x2000'10a4     0x4  Data  Gb  PathIntegral.o [3]
m_f32SpeedBuffer_BL     0x2000'106c     0x4  Data  Gb  PathIntegral.o [3]
m_f32SpeedBuffer_BR     0x2000'1070     0x4  Data  Gb  PathIntegral.o [3]
m_f32SpeedBuffer_FL     0x2000'1064     0x4  Data  Gb  PathIntegral.o [3]
m_f32SpeedBuffer_FR     0x2000'1068     0x4  Data  Gb  PathIntegral.o [3]
m_f32SpeedOutput        0x2000'10bc     0x4  Data  Gb  PathIntegral.o [3]
m_f32TargetPath         0x2000'10c8     0x4  Data  Gb  PathIntegral.o [3]
m_f32TargetPathBuffer   0x2000'10c4     0x4  Data  Gb  PathIntegral.o [3]
m_f32ToRotation         0x2000'10a8     0x4  Data  Gb  PathIntegral.o [3]
m_funcGetAngle          0x2000'1034     0x4  Data  Gb  Motor.o [13]
m_stGrid_X_Pos          0x2000'10cc    0x28  Data  Gb  PathIntegral.o [3]
m_stGrid_Y_Pos          0x2000'10f4    0x28  Data  Gb  PathIntegral.o [3]
m_stMotor_BL            0x2000'0f7c    0x28  Data  Gb  Motor.o [13]
m_stMotor_BR            0x2000'0fa4    0x28  Data  Gb  Motor.o [13]
m_stMotor_Direction     0x2000'100c    0x28  Data  Gb  Motor.o [13]
m_stMotor_FL            0x2000'0f2c    0x28  Data  Gb  Motor.o [13]
m_stMotor_FR            0x2000'0f54    0x28  Data  Gb  Motor.o [13]
m_stMotor_Pos           0x2000'1074    0x28  Data  Gb  PathIntegral.o [3]
m_strcmp                0x8001'643f    0x2a  Code  Gb  KB_Ex.o [6]
m_u8PathType            0x2000'1322     0x1  Data  Gb  PathIntegral.o [3]
main                    0x8000'7411   0x16c  Code  Gb  main.o [25]
memchr                  0x8001'4685          Code  Gb  memchr.o [30]
modf                    0x8001'193d          Code  Gb  modf.o [29]
modfl                   0x8001'193d          Code  Gb  modf.o [29]
mparams                 0x2000'111c    0x18  Data  Lc  dlmalloc.o [28]
ndigs                   0x8000'1920    0x28  Data  Lc  iar_Stoullx.o [28]
oled_fill               0x8000'8bb9    0x42  Code  Gb  SEEKFREE_OLED.o [23]
oled_init               0x8000'8a3d   0x11e  Code  Gb  SEEKFREE_OLED.o [23]
oled_set_pos            0x8000'8b5b    0x5e  Code  Gb  SEEKFREE_OLED.o [23]
oled_wrcmd              0x8000'89e1    0x5c  Code  Gb  SEEKFREE_OLED.o [23]
oled_wrdat              0x8000'8985    0x5c  Code  Gb  SEEKFREE_OLED.o [23]
parse_array             0x8000'2699   0x102  Code  Lc  cJSON.o [7]
parse_hex4              0x8000'2069    0x5a  Code  Lc  cJSON.o [7]
parse_number            0x8000'1f69    0xe6  Code  Lc  cJSON.o [7]
parse_object            0x8000'279b   0x154  Code  Lc  cJSON.o [7]
parse_string            0x8000'21f9   0x19e  Code  Lc  cJSON.o [7]
parse_value             0x8000'254d   0x13e  Code  Lc  cJSON.o [7]
pit_init                0x8000'fcab    0x30  Code  Gb  zf_pit.o [22]
pit_interrupt           0x8000'fcdb    0x30  Code  Gb  zf_pit.o [22]
position_buffer         0x2000'03e4   0x1e0  Data  Gb  isr.o [25]
position_size           0x2000'05c4     0x4  Data  Gb  isr.o [25]
pow                     0x8001'19dd   0x484  Code  Gb  pow64.o [29]
powl                    0x8001'19dd   0x484  Code  Gb  pow64.o [29]
pows                    0x8000'0400    0x48  Data  Lc  strto64.o [29]
pwm_duty                0x8001'048f    0x94  Code  Gb  zf_pwm.o [22]
pwm_init                0x8001'0285   0x20a  Code  Gb  zf_pwm.o [22]
pwm_iomuxc              0x8000'fd7d   0x508  Code  Gb  zf_pwm.o [22]
qspiflash_config        0x7000'0000   0x200  Data  Gb  evkmimxrt1064_flexspi_nor_config.o [27]
qtimer_iomuxc           0x8001'0561   0x628  Code  Gb  zf_qtimer.o [22]
qtimer_quad_clear       0x8001'0c5f    0x30  Code  Gb  zf_qtimer.o [22]
qtimer_quad_get         0x8001'0c2f    0x30  Code  Gb  zf_qtimer.o [22]
qtimer_quad_init        0x8001'0b89    0xa6  Code  Gb  zf_qtimer.o [22]
ranmatch                0x8001'5f0f    0x42  Code  Lc  xscanffull_nomb.o [28]
realloc                 0x8001'68e1     0x4  Code  Gb  heaptramp0.o [28]
s_EDMAHandle            0x2000'01f8    0x80  Data  Lc  fsl_edma.o [21]
s_ENETHandle            0x2000'0278     0x8  Data  Lc  fsl_enet.o [21]
s_LpuartAdapterBase     0x8000'1434    0x24  Data  Lc  lpuart_adapter.o [19]
s_csiHandle             0x2000'01d0     0x4  Data  Lc  fsl_csi.o [21]
s_csiIsr                0x2000'01d4     0x4  Data  Lc  fsl_csi.o [21]
s_debugConsoleState     0x2000'01d8    0x1c  Data  Lc  fsl_debug_console.o [26]
s_enetBases             0x8000'0bfc     0xc  Data  Lc  fsl_enet.o [21]
s_enetErrIsr            0x2000'0288     0x4  Data  Lc  fsl_enet.o [21]
s_enetRxIsr             0x2000'0284     0x4  Data  Lc  fsl_enet.o [21]
s_enetTsIsr             0x2000'028c     0x4  Data  Lc  fsl_enet.o [21]
s_enetTxIsr             0x2000'0280     0x4  Data  Lc  fsl_enet.o [21]
s_flexcanHandle         0x2000'0290    0x10  Data  Lc  fsl_flexcan.o [21]
s_flexcanIsr            0x2000'02a0     0x4  Data  Lc  fsl_flexcan.o [21]
s_flexioHandle          0x2000'02a4     0x8  Data  Lc  fsl_flexio.o [21]
s_flexioIsr             0x2000'02b4     0x8  Data  Lc  fsl_flexio.o [21]
s_flexioType            0x2000'02ac     0x8  Data  Lc  fsl_flexio.o [21]
s_gpioBases             0x8000'0d50    0x28  Data  Lc  fsl_gpio.o [21]
s_gpioClock             0x8000'0d78     0xc  Data  Lc  fsl_gpio.o [21]
s_lpi2cMasterHandle     0x2000'02c0    0x14  Data  Lc  fsl_lpi2c.o [21]
s_lpi2cMasterIsr        0x2000'02bc     0x4  Data  Lc  fsl_lpi2c.o [21]
s_lpi2cSlaveHandle      0x2000'02d8    0x14  Data  Lc  fsl_lpi2c.o [21]
s_lpi2cSlaveIsr         0x2000'02d4     0x4  Data  Lc  fsl_lpi2c.o [21]
s_lpspiHandle           0x2000'02ec    0x14  Data  Lc  fsl_lpspi.o [21]
s_lpspiMasterIsr        0x2000'0300     0x4  Data  Lc  fsl_lpspi.o [21]
s_lpspiSlaveIsr         0x2000'0304     0x4  Data  Lc  fsl_lpspi.o [21]
s_lpuartBases           0x8000'0f48    0x24  Data  Lc  fsl_lpuart.o [21]
s_lpuartClock           0x8000'0f80    0x14  Data  Lc  fsl_lpuart.o [21]
s_lpuartHandle          0x2000'0308    0x24  Data  Lc  fsl_lpuart.o [21]
s_lpuartIRQ             0x8000'0f6c    0x14  Data  Lc  fsl_lpuart.o [21]
s_lpuartIsr             0x2000'032c     0x4  Data  Lc  fsl_lpuart.o [21]
s_pitBases              0x8000'105c     0x4  Data  Lc  fsl_pit.o [21]
s_pitClocks             0x8001'642a     0x2  Data  Lc  fsl_pit.o [21]
s_pwmBases              0x8000'11ac    0x14  Data  Lc  fsl_pwm.o [21]
s_pwmClocks             0x8000'11c0    0x28  Data  Lc  fsl_pwm.o [21]
s_qtmrBases             0x8000'12b0    0x14  Data  Lc  fsl_qtmr.o [21]
s_qtmrClocks            0x8000'12c4     0xc  Data  Lc  fsl_qtmr.o [21]
s_saiHandle             0x2000'0330    0x20  Data  Lc  fsl_sai.o [21]
s_saiRxIsr              0x2000'0354     0x4  Data  Lc  fsl_sai.o [21]
s_saiTxIsr              0x2000'0350     0x4  Data  Lc  fsl_sai.o [21]
s_spdifHandle           0x2000'0358     0x8  Data  Gb  fsl_spdif.o [21]
s_spdifRxIsr            0x2000'0364     0x4  Data  Lc  fsl_spdif.o [21]
s_spdifTxIsr            0x2000'0360     0x4  Data  Lc  fsl_spdif.o [21]
s_usdhcBase             0x8000'1334     0xc  Data  Lc  fsl_usdhc.o [21]
s_usdhcHandle           0x2000'0368     0xc  Data  Lc  fsl_usdhc.o [21]
s_usdhcIsr              0x2000'0374     0x4  Data  Lc  fsl_usdhc.o [21]
scalbln                 0x8001'42fd          Code  Gb  ldexp.o [29]
scalblnl                0x8001'42fd          Code  Gb  ldexp.o [29]
scalbn                  0x8001'42fd          Code  Gb  ldexp.o [29]
scalbnl                 0x8001'42fd          Code  Gb  ldexp.o [29]
scale                   0x8001'530b    0x46  Code  Lc  xprintflarge_nomb.o [28]
sec_hand                0x2000'1310     0x4  Data  Lc  xfail_s.o [28]
segment_holding         0x8001'2181    0x1c  Code  Lc  dlmalloc.o [28]
sinf                    0x8001'2121     0x4  Code  Gb  cos_sin32.o [29]
skip_utf8_bom           0x8000'23e7    0x42  Code  Lc  cJSON.o [7]
sprintf                 0x8001'1299    0x40  Code  Gb  sprintf.o [28]
sqrt                    0x8001'2125          Code  Gb  sqrt.o [29]
sqrtl                   0x8001'2125          Code  Gb  sqrt.o [29]
sscanf                  0x8001'12d9    0x28  Code  Gb  sscanf.o [28]
strchr                  0x8001'61b1          Code  Gb  strchr.o [30]
strcmp                  0x8001'1301          Code  Gb  strcmp.o [30]
strlen                  0x8001'1315          Code  Gb  strlen.o [30]
strncmp                 0x8001'68e5    0x28  Code  Gb  strncmp.o [28]
strtod                  0x8001'1605     0x6  Code  Gb  strto64.o [29]
strtold                 0x8001'1605     0x6  Code  Gb  strto64.o [29]
strtoll                 0x8001'627d     0x2  Code  Gb  iar_Stollx.o [28]
strtoull                0x8001'6425     0x2  Code  Gb  iar_Stoullx.o [28]
systick_delay           0x8001'0c9d    0x3c  Code  Gb  zf_systick.o [22]
systick_delay_ms        0x8001'0cd9    0x22  Code  Gb  zf_systick.o [22]
tail                    0x2000'0080     0x4  Data  Gb  isr.o [25]
tolower                 0x8001'690d     0xc  Code  Gb  tolower.o [28]
try_realloc_chunk       0x8001'3b05   0x31e  Code  Lc  dlmalloc.o [28]
uart_init               0x8001'1067    0x70  Code  Gb  zf_uart.o [22]
uart_iomuxc             0x8001'0d19   0x34e  Code  Gb  zf_uart.o [22]
uart_putchar            0x8001'10d7    0x2a  Code  Gb  zf_uart.o [22]
uart_rx_irq             0x8001'1101    0x36  Code  Gb  zf_uart.o [22]
uart_set_handle         0x8001'1137    0x3c  Code  Gb  zf_uart.o [22]
utf16_literal_to_utf8   0x8000'20c3   0x134  Code  Lc  cJSON.o [7]


[1] = F:\工训\车赛\Projecct\IAR\program\nor_sdram_zf_dtcm\Obj\_Algorithm\KalmanFilter
[2] = F:\工训\车赛\Projecct\IAR\program\nor_sdram_zf_dtcm\Obj\_Algorithm\PID
[3] = F:\工训\车赛\Projecct\IAR\program\nor_sdram_zf_dtcm\Obj\_Application\PathIntegral
[4] = F:\工训\车赛\Projecct\IAR\program\nor_sdram_zf_dtcm\Obj\_Application\SliceManager
[5] = F:\工训\车赛\Projecct\IAR\program\nor_sdram_zf_dtcm\Obj\_Application\SliceUpdater
[6] = F:\工训\车赛\Projecct\IAR\program\nor_sdram_zf_dtcm\Obj\_DataStructure\KB_Ex
[7] = F:\工训\车赛\Projecct\IAR\program\nor_sdram_zf_dtcm\Obj\_DataStructure\cJSON
[8] = F:\工训\车赛\Projecct\IAR\program\nor_sdram_zf_dtcm\Obj\_HardWare
[9] = F:\工训\车赛\Projecct\IAR\program\nor_sdram_zf_dtcm\Obj\_HardWare\BlueTooth
[10] = F:\工训\车赛\Projecct\IAR\program\nor_sdram_zf_dtcm\Obj\_HardWare\ESP8266
[11] = F:\工训\车赛\Projecct\IAR\program\nor_sdram_zf_dtcm\Obj\_HardWare\HWT101
[12] = F:\工训\车赛\Projecct\IAR\program\nor_sdram_zf_dtcm\Obj\_HardWare\Key
[13] = F:\工训\车赛\Projecct\IAR\program\nor_sdram_zf_dtcm\Obj\_HardWare\Motor
[14] = F:\工训\车赛\Projecct\IAR\program\nor_sdram_zf_dtcm\Obj\_HardWare\OpenArt
[15] = F:\工训\车赛\Projecct\IAR\program\nor_sdram_zf_dtcm\Obj\_HardWare\SYN6288
[16] = F:\工训\车赛\Projecct\IAR\program\nor_sdram_zf_dtcm\Obj\_HardWare\Tracer
[17] = F:\工训\车赛\Projecct\IAR\program\nor_sdram_zf_dtcm\Obj\_Math\Vector2
[18] = F:\工训\车赛\Projecct\IAR\program\nor_sdram_zf_dtcm\Obj\board
[19] = F:\工训\车赛\Projecct\IAR\program\nor_sdram_zf_dtcm\Obj\components
[20] = F:\工训\车赛\Projecct\IAR\program\nor_sdram_zf_dtcm\Obj\deceive
[21] = F:\工训\车赛\Projecct\IAR\program\nor_sdram_zf_dtcm\Obj\drives
[22] = F:\工训\车赛\Projecct\IAR\program\nor_sdram_zf_dtcm\Obj\seekfree_libraries
[23] = F:\工训\车赛\Projecct\IAR\program\nor_sdram_zf_dtcm\Obj\seekfree_peripheral
[24] = F:\工训\车赛\Projecct\IAR\program\nor_sdram_zf_dtcm\Obj\startup
[25] = F:\工训\车赛\Projecct\IAR\program\nor_sdram_zf_dtcm\Obj\user_c
[26] = F:\工训\车赛\Projecct\IAR\program\nor_sdram_zf_dtcm\Obj\utilities
[27] = F:\工训\车赛\Projecct\IAR\program\nor_sdram_zf_dtcm\Obj\xip
[28] = dl7M_tln.a
[29] = m7M_tlv.a
[30] = rt7M_tl.a
[31] = shb_l.a

   1'314 bytes of readonly  code memory
  86'634 bytes of readwrite code memory
  58'984 bytes of readonly  data memory
  15'213 bytes of readwrite data memory

Errors: none
Warnings: none
